Archive member included to satisfy reference by file (symbol)

e:/stm/gcc-arm-none-eabi-10.3-2021.10-win32/gcc-arm-none-eabi-10.3-2021.10/bin/../lib/gcc/arm-none-eabi/10.3.1/thumb/v7e-m/nofp\libgcc.a(_arm_mulsf3.o)
                              CMakeFiles/stm32pg.elf.dir/Core/Src/system_stm32h7xx.c.obj (__aeabi_fmul)
e:/stm/gcc-arm-none-eabi-10.3-2021.10-win32/gcc-arm-none-eabi-10.3-2021.10/bin/../lib/gcc/arm-none-eabi/10.3.1/thumb/v7e-m/nofp\libgcc.a(_arm_addsubdf3.o)
                              CMakeFiles/stm32pg.elf.dir/Core/Src/main.c.obj (__aeabi_dadd)
e:/stm/gcc-arm-none-eabi-10.3-2021.10-win32/gcc-arm-none-eabi-10.3-2021.10/bin/../lib/gcc/arm-none-eabi/10.3.1/thumb/v7e-m/nofp\libgcc.a(_arm_muldivdf3.o)
                              CMakeFiles/stm32pg.elf.dir/Core/Src/main.c.obj (__aeabi_ddiv)
e:/stm/gcc-arm-none-eabi-10.3-2021.10-win32/gcc-arm-none-eabi-10.3-2021.10/bin/../lib/gcc/arm-none-eabi/10.3.1/thumb/v7e-m/nofp\libgcc.a(_arm_fixunsdfsi.o)
                              CMakeFiles/stm32pg.elf.dir/Core/Src/main.c.obj (__aeabi_d2uiz)
e:/stm/gcc-arm-none-eabi-10.3-2021.10-win32/gcc-arm-none-eabi-10.3-2021.10/bin/../lib/gcc/arm-none-eabi/10.3.1/thumb/v7e-m/nofp\libgcc.a(_arm_addsubsf3.o)
                              CMakeFiles/stm32pg.elf.dir/Core/Src/system_stm32h7xx.c.obj (__aeabi_fadd)
e:/stm/gcc-arm-none-eabi-10.3-2021.10-win32/gcc-arm-none-eabi-10.3-2021.10/bin/../lib/gcc/arm-none-eabi/10.3.1/thumb/v7e-m/nofp\libgcc.a(_arm_muldivsf3.o)
                              CMakeFiles/stm32pg.elf.dir/Core/Src/system_stm32h7xx.c.obj (__aeabi_fdiv)
e:/stm/gcc-arm-none-eabi-10.3-2021.10-win32/gcc-arm-none-eabi-10.3-2021.10/bin/../lib/gcc/arm-none-eabi/10.3.1/thumb/v7e-m/nofp\libgcc.a(_arm_fixunssfsi.o)
                              CMakeFiles/stm32pg.elf.dir/Core/Src/system_stm32h7xx.c.obj (__aeabi_f2uiz)
e:/stm/gcc-arm-none-eabi-10.3-2021.10-win32/gcc-arm-none-eabi-10.3-2021.10/bin/../lib/gcc/arm-none-eabi/10.3.1/thumb/v7e-m/nofp\libgcc.a(_aeabi_uldivmod.o)
                              CMakeFiles/stm32pg.elf.dir/Drivers/STM32H7xx_HAL_Driver/Src/stm32h7xx_hal_uart.c.obj (__aeabi_uldivmod)
e:/stm/gcc-arm-none-eabi-10.3-2021.10-win32/gcc-arm-none-eabi-10.3-2021.10/bin/../lib/gcc/arm-none-eabi/10.3.1/thumb/v7e-m/nofp\libgcc.a(_udivmoddi4.o)
                              e:/stm/gcc-arm-none-eabi-10.3-2021.10-win32/gcc-arm-none-eabi-10.3-2021.10/bin/../lib/gcc/arm-none-eabi/10.3.1/thumb/v7e-m/nofp\libgcc.a(_aeabi_uldivmod.o) (__udivmoddi4)
e:/stm/gcc-arm-none-eabi-10.3-2021.10-win32/gcc-arm-none-eabi-10.3-2021.10/bin/../lib/gcc/arm-none-eabi/10.3.1/thumb/v7e-m/nofp\libgcc.a(_dvmd_tls.o)
                              e:/stm/gcc-arm-none-eabi-10.3-2021.10-win32/gcc-arm-none-eabi-10.3-2021.10/bin/../lib/gcc/arm-none-eabi/10.3.1/thumb/v7e-m/nofp\libgcc.a(_aeabi_uldivmod.o) (__aeabi_ldiv0)
e:/stm/gcc-arm-none-eabi-10.3-2021.10-win32/gcc-arm-none-eabi-10.3-2021.10/bin/../lib/gcc/arm-none-eabi/10.3.1/../../../../arm-none-eabi/lib/thumb/v7e-m/nofp\libg.a(lib_a-errno.o)
                              CMakeFiles/stm32pg.elf.dir/Core/Src/retarget.c.obj (__errno)
e:/stm/gcc-arm-none-eabi-10.3-2021.10-win32/gcc-arm-none-eabi-10.3-2021.10/bin/../lib/gcc/arm-none-eabi/10.3.1/../../../../arm-none-eabi/lib/thumb/v7e-m/nofp\libg.a(lib_a-exit.o)
                              e:/stm/gcc-arm-none-eabi-10.3-2021.10-win32/gcc-arm-none-eabi-10.3-2021.10/bin/../lib/gcc/arm-none-eabi/10.3.1/../../../../arm-none-eabi/lib/thumb/v7e-m/nofp/crt0.o (exit)
e:/stm/gcc-arm-none-eabi-10.3-2021.10-win32/gcc-arm-none-eabi-10.3-2021.10/bin/../lib/gcc/arm-none-eabi/10.3.1/../../../../arm-none-eabi/lib/thumb/v7e-m/nofp\libg.a(lib_a-impure.o)
                              e:/stm/gcc-arm-none-eabi-10.3-2021.10-win32/gcc-arm-none-eabi-10.3-2021.10/bin/../lib/gcc/arm-none-eabi/10.3.1/../../../../arm-none-eabi/lib/thumb/v7e-m/nofp\libg.a(lib_a-exit.o) (_global_impure_ptr)
e:/stm/gcc-arm-none-eabi-10.3-2021.10-win32/gcc-arm-none-eabi-10.3-2021.10/bin/../lib/gcc/arm-none-eabi/10.3.1/../../../../arm-none-eabi/lib/thumb/v7e-m/nofp\libg.a(lib_a-init.o)
                              e:/stm/gcc-arm-none-eabi-10.3-2021.10-win32/gcc-arm-none-eabi-10.3-2021.10/bin/../lib/gcc/arm-none-eabi/10.3.1/../../../../arm-none-eabi/lib/thumb/v7e-m/nofp/crt0.o (__libc_init_array)
e:/stm/gcc-arm-none-eabi-10.3-2021.10-win32/gcc-arm-none-eabi-10.3-2021.10/bin/../lib/gcc/arm-none-eabi/10.3.1/../../../../arm-none-eabi/lib/thumb/v7e-m/nofp\libg.a(lib_a-memcpy.o)
                              CMakeFiles/stm32pg.elf.dir/Drivers/STM32H7xx_HAL_Driver/Src/stm32h7xx_hal_fdcan.c.obj (memcpy)
e:/stm/gcc-arm-none-eabi-10.3-2021.10-win32/gcc-arm-none-eabi-10.3-2021.10/bin/../lib/gcc/arm-none-eabi/10.3.1/../../../../arm-none-eabi/lib/thumb/v7e-m/nofp\libg.a(lib_a-memset.o)
                              e:/stm/gcc-arm-none-eabi-10.3-2021.10-win32/gcc-arm-none-eabi-10.3-2021.10/bin/../lib/gcc/arm-none-eabi/10.3.1/../../../../arm-none-eabi/lib/thumb/v7e-m/nofp/crt0.o (memset)
[...]
Memory Configuration

Name             Origin             Length             Attributes
FLASH            0x08000000         0x00200000         xr
DTCMRAM          0x20000000         0x00020000         xrw
RAM_D1           0x24000000         0x00080000         xrw
RAM_D2           0x30000000         0x00048000         xrw
RAM_D3           0x38000000         0x00010000         xrw
ITCMRAM          0x00000000         0x00010000         xrw
*default*        0x00000000         0xffffffff

Linker script and memory map

LOAD e:/stm/gcc-arm-none-eabi-10.3-2021.10-win32/gcc-arm-none-eabi-10.3-2021.10/bin/../lib/gcc/arm-none-eabi/10.3.1/thumb/v7e-m/nofp/crti.o
LOAD e:/stm/gcc-arm-none-eabi-10.3-2021.10-win32/gcc-arm-none-eabi-10.3-2021.10/bin/../lib/gcc/arm-none-eabi/10.3.1/thumb/v7e-m/nofp/crtbegin.o
LOAD e:/stm/gcc-arm-none-eabi-10.3-2021.10-win32/gcc-arm-none-eabi-10.3-2021.10/bin/../lib/gcc/arm-none-eabi/10.3.1/../../../../arm-none-eabi/lib/thumb/v7e-m/nofp/crt0.o
LOAD CMakeFiles/stm32pg.elf.dir/Core/Src/main.c.obj
LOAD CMakeFiles/stm32pg.elf.dir/Core/Src/retarget.c.obj
LOAD CMakeFiles/stm32pg.elf.dir/Core/Src/stm32h7xx_hal_msp.c.obj
LOAD CMakeFiles/stm32pg.elf.dir/Core/Src/stm32h7xx_it.c.obj
LOAD CMakeFiles/stm32pg.elf.dir/Core/Src/syscalls.c.obj
LOAD CMakeFiles/stm32pg.elf.dir/Core/Src/sysmem.c.obj
LOAD CMakeFiles/stm32pg.elf.dir/Core/Src/system_stm32h7xx.c.obj
LOAD CMakeFiles/stm32pg.elf.dir/Core/Startup/startup_stm32h753iitx.s.obj
LOAD CMakeFiles/stm32pg.elf.dir/Drivers/STM32H7xx_HAL_Driver/Src/stm32h7xx_hal.c.obj
LOAD CMakeFiles/stm32pg.elf.dir/Drivers/STM32H7xx_HAL_Driver/Src/stm32h7xx_hal_cortex.c.obj
LOAD CMakeFiles/stm32pg.elf.dir/Drivers/STM32H7xx_HAL_Driver/Src/stm32h7xx_hal_dma.c.obj
LOAD CMakeFiles/stm32pg.elf.dir/Drivers/STM32H7xx_HAL_Driver/Src/stm32h7xx_hal_dma_ex.c.obj
LOAD CMakeFiles/stm32pg.elf.dir/Drivers/STM32H7xx_HAL_Driver/Src/stm32h7xx_hal_exti.c.obj
LOAD CMakeFiles/stm32pg.elf.dir/Drivers/STM32H7xx_HAL_Driver/Src/stm32h7xx_hal_fdcan.c.obj
LOAD CMakeFiles/stm32pg.elf.dir/Drivers/STM32H7xx_HAL_Driver/Src/stm32h7xx_hal_flash.c.obj
LOAD CMakeFiles/stm32pg.elf.dir/Drivers/STM32H7xx_HAL_Driver/Src/stm32h7xx_hal_flash_ex.c.obj
LOAD CMakeFiles/stm32pg.elf.dir/Drivers/STM32H7xx_HAL_Driver/Src/stm32h7xx_hal_gpio.c.obj
LOAD CMakeFiles/stm32pg.elf.dir/Drivers/STM32H7xx_HAL_Driver/Src/stm32h7xx_hal_hsem.c.obj
LOAD CMakeFiles/stm32pg.elf.dir/Drivers/STM32H7xx_HAL_Driver/Src/stm32h7xx_hal_i2c.c.obj
LOAD CMakeFiles/stm32pg.elf.dir/Drivers/STM32H7xx_HAL_Driver/Src/stm32h7xx_hal_i2c_ex.c.obj
LOAD CMakeFiles/stm32pg.elf.dir/Drivers/STM32H7xx_HAL_Driver/Src/stm32h7xx_hal_iwdg.c.obj
LOAD CMakeFiles/stm32pg.elf.dir/Drivers/STM32H7xx_HAL_Driver/Src/stm32h7xx_hal_mdma.c.obj
LOAD CMakeFiles/stm32pg.elf.dir/Drivers/STM32H7xx_HAL_Driver/Src/stm32h7xx_hal_pwr.c.obj
LOAD CMakeFiles/stm32pg.elf.dir/Drivers/STM32H7xx_HAL_Driver/Src/stm32h7xx_hal_pwr_ex.c.obj
LOAD CMakeFiles/stm32pg.elf.dir/Drivers/STM32H7xx_HAL_Driver/Src/stm32h7xx_hal_rcc.c.obj
LOAD CMakeFiles/stm32pg.elf.dir/Drivers/STM32H7xx_HAL_Driver/Src/stm32h7xx_hal_rcc_ex.c.obj
LOAD CMakeFiles/stm32pg.elf.dir/Drivers/STM32H7xx_HAL_Driver/Src/stm32h7xx_hal_tim.c.obj
LOAD CMakeFiles/stm32pg.elf.dir/Drivers/STM32H7xx_HAL_Driver/Src/stm32h7xx_hal_tim_ex.c.obj
LOAD CMakeFiles/stm32pg.elf.dir/Drivers/STM32H7xx_HAL_Driver/Src/stm32h7xx_hal_uart.c.obj
LOAD CMakeFiles/stm32pg.elf.dir/Drivers/STM32H7xx_HAL_Driver/Src/stm32h7xx_hal_uart_ex.c.obj
START GROUP
LOAD e:/stm/gcc-arm-none-eabi-10.3-2021.10-win32/gcc-arm-none-eabi-10.3-2021.10/bin/../lib/gcc/arm-none-eabi/10.3.1/thumb/v7e-m/nofp\libgcc.a
LOAD e:/stm/gcc-arm-none-eabi-10.3-2021.10-win32/gcc-arm-none-eabi-10.3-2021.10/bin/../lib/gcc/arm-none-eabi/10.3.1/../../../../arm-none-eabi/lib/thumb/v7e-m/nofp\libg.a
LOAD e:/stm/gcc-arm-none-eabi-10.3-2021.10-win32/gcc-arm-none-eabi-10.3-2021.10/bin/../lib/gcc/arm-none-eabi/10.3.1/../../../../arm-none-eabi/lib/thumb/v7e-m/nofp\libc.a
END GROUP
LOAD e:/stm/gcc-arm-none-eabi-10.3-2021.10-win32/gcc-arm-none-eabi-10.3-2021.10/bin/../lib/gcc/arm-none-eabi/10.3.1/thumb/v7e-m/nofp/crtend.o
LOAD e:/stm/gcc-arm-none-eabi-10.3-2021.10-win32/gcc-arm-none-eabi-10.3-2021.10/bin/../lib/gcc/arm-none-eabi/10.3.1/thumb/v7e-m/nofp/crtn.o
                0x24080000                _estack = (ORIGIN (RAM_D1) + LENGTH (RAM_D1))
                0x00000200                _Min_Heap_Size = 0x200
                0x00000400                _Min_Stack_Size = 0x400

.isr_vector     0x08000000      0x298
                0x08000000                . = ALIGN (0x4)
 *(.isr_vector)
 .isr_vector    0x08000000      0x298 CMakeFiles/stm32pg.elf.dir/Core/Startup/startup_stm32h753iitx.s.obj
                0x08000000                g_pfnVectors
                0x08000298                . = ALIGN (0x4)

.text           0x080002c0     0xcd48
                0x080002c0                . = ALIGN (0x4)
 *(.text)
 .text          0x080002c0       0x40 e:/stm/gcc-arm-none-eabi-10.3-2021.10-win32/gcc-arm-none-eabi-10.3-2021.10/bin/../lib/gcc/arm-none-eabi/10.3.1/thumb/v7e-m/nofp/crtbegin.o
 .text          0x08000300      0x378 e:/stm/gcc-arm-none-eabi-10.3-2021.10-win32/gcc-arm-none-eabi-10.3-2021.10/bin/../lib/gcc/arm-none-eabi/10.3.1/thumb/v7e-m/nofp\libgcc.a(_arm_addsubdf3.o)
                0x08000300                __aeabi_drsub
                0x08000308                __aeabi_dsub
                0x08000308                __subdf3
                0x0800030c                __aeabi_dadd
                0x0800030c                __adddf3
                0x08000584                __floatunsidf
                0x08000584                __aeabi_ui2d
                0x080005a4                __floatsidf
                0x080005a4                __aeabi_i2d
                0x080005c8                __aeabi_f2d
                0x080005c8                __extendsfdf2
                0x0800060c                __floatundidf
                0x0800060c                __aeabi_ul2d
                0x0800061c                __floatdidf
                0x0800061c                __aeabi_l2d
 .text          0x08000678      0x424 e:/stm/gcc-arm-none-eabi-10.3-2021.10-win32/gcc-arm-none-eabi-10.3-2021.10/bin/../lib/gcc/arm-none-eabi/10.3.1/thumb/v7e-m/nofp\libgcc.a(_arm_muldivdf3.o)
                0x08000678                __aeabi_dmul
                0x08000678                __muldf3
                0x080008cc                __divdf3
                0x080008cc                __aeabi_ddiv
 .text          0x08000a9c      0x21c e:/stm/gcc-arm-none-eabi-10.3-2021.10-win32/gcc-arm-none-eabi-10.3-2021.10/bin/../lib/gcc/arm-none-eabi/10.3.1/thumb/v7e-m/nofp\libgcc.a(_arm_addsubsf3.o)
                0x08000a9c                __aeabi_frsub
                0x08000aa4                __subsf3
                0x08000aa4                __aeabi_fsub
                0x08000aa8                __aeabi_fadd
                0x08000aa8                __addsf3
                0x08000c08                __aeabi_ui2f
                0x08000c08                __floatunsisf
                0x08000c10                __aeabi_i2f
                0x08000c10                __floatsisf
                0x08000c2c                __aeabi_ul2f
                0x08000c2c                __floatundisf
                0x08000c3c                __aeabi_l2f
                0x08000c3c                __floatdisf
 .text          0x08000cb8      0x2a0 e:/stm/gcc-arm-none-eabi-10.3-2021.10-win32/gcc-arm-none-eabi-10.3-2021.10/bin/../lib/gcc/arm-none-eabi/10.3.1/thumb/v7e-m/nofp\libgcc.a(_arm_muldivsf3.o)
                0x08000cb8                __mulsf3
                0x08000cb8                __aeabi_fmul
                0x08000e20                __aeabi_fdiv
                0x08000e20                __divsf3
 .text          0x08000f58       0x40 e:/stm/gcc-arm-none-eabi-10.3-2021.10-win32/gcc-arm-none-eabi-10.3-2021.10/bin/../lib/gcc/arm-none-eabi/10.3.1/thumb/v7e-m/nofp\libgcc.a(_arm_fixunssfsi.o)
                0x08000f58                __fixunssfsi
                0x08000f58                __aeabi_f2uiz
 .text          0x08000f98       0x30 e:/stm/gcc-arm-none-eabi-10.3-2021.10-win32/gcc-arm-none-eabi-10.3-2021.10/bin/../lib/gcc/arm-none-eabi/10.3.1/thumb/v7e-m/nofp\libgcc.a(_aeabi_uldivmod.o)
                0x08000f98                __aeabi_uldivmod
 .text          0x08000fc8      0x2d0 e:/stm/gcc-arm-none-eabi-10.3-2021.10-win32/gcc-arm-none-eabi-10.3-2021.10/bin/../lib/gcc/arm-none-eabi/10.3.1/thumb/v7e-m/nofp\libgcc.a(_udivmoddi4.o)
                0x08000fc8                __udivmoddi4
 .text          0x08001298        0x4 e:/stm/gcc-arm-none-eabi-10.3-2021.10-win32/gcc-arm-none-eabi-10.3-2021.10/bin/../lib/gcc/arm-none-eabi/10.3.1/thumb/v7e-m/nofp\libgcc.a(_dvmd_tls.o)
                0x08001298                __aeabi_idiv0
                0x08001298                __aeabi_ldiv0
 .text          0x0800129c      0x134 e:/stm/gcc-arm-none-eabi-10.3-2021.10-win32/gcc-arm-none-eabi-10.3-2021.10/bin/../lib/gcc/arm-none-eabi/10.3.1/../../../../arm-none-eabi/lib/thumb/v7e-m/nofp\libg.a(lib_a-memcpy.o)
                0x0800129c                memcpy
 *fill*         0x080013d0       0x30 
 .text          0x08001400       0xdc e:/stm/gcc-arm-none-eabi-10.3-2021.10-win32/gcc-arm-none-eabi-10.3-2021.10/bin/../lib/gcc/arm-none-eabi/10.3.1/../../../../arm-none-eabi/lib/thumb/v7e-m/nofp\libg.a(lib_a-strlen.o)
                0x08001400                strlen
 *fill*         0x080014dc        0x4 
 .text          0x080014e0       0xa0 e:/stm/gcc-arm-none-eabi-10.3-2021.10-win32/gcc-arm-none-eabi-10.3-2021.10/bin/../lib/gcc/arm-none-eabi/10.3.1/../../../../arm-none-eabi/lib/thumb/v7e-m/nofp\libg.a(lib_a-memchr.o)
                0x080014e0                memchr
 .text          0x08001580      0x110 e:/stm/gcc-arm-none-eabi-10.3-2021.10-win32/gcc-arm-none-eabi-10.3-2021.10/bin/../lib/gcc/arm-none-eabi/10.3.1/thumb/v7e-m/nofp\libgcc.a(_arm_cmpdf2.o)
                0x08001580                __gtdf2
                0x08001580                __gedf2
                0x08001588                __ltdf2
                0x08001588                __ledf2
                0x08001590                __nedf2
                0x08001590                __eqdf2
                0x08001590                __cmpdf2
                0x0800160c                __aeabi_cdrcmple
                0x0800161c                __aeabi_cdcmpeq
                0x0800161c                __aeabi_cdcmple
                0x0800162c                __aeabi_dcmpeq
                0x08001640                __aeabi_dcmplt
                0x08001654                __aeabi_dcmple
                0x08001668                __aeabi_dcmpge
                0x0800167c                __aeabi_dcmpgt
 .text          0x08001690       0x2c e:/stm/gcc-arm-none-eabi-10.3-2021.10-win32/gcc-arm-none-eabi-10.3-2021.10/bin/../lib/gcc/arm-none-eabi/10.3.1/thumb/v7e-m/nofp\libgcc.a(_arm_unorddf2.o)
                0x08001690                __unorddf2
                0x08001690                __aeabi_dcmpun
 .text          0x080016bc       0x50 e:/stm/gcc-arm-none-eabi-10.3-2021.10-win32/gcc-arm-none-eabi-10.3-2021.10/bin/../lib/gcc/arm-none-eabi/10.3.1/thumb/v7e-m/nofp\libgcc.a(_arm_fixdfsi.o)
                0x080016bc                __aeabi_d2iz
                0x080016bc                __fixdfsi
 *(.text*)
 .text.MX_GPIO_Init
                0x0800170c      0x138 CMakeFiles/stm32pg.elf.dir/Core/Src/main.c.obj
 .text.motor_init
                0x08001844       0x38 CMakeFiles/stm32pg.elf.dir/Core/Src/main.c.obj
                0x08001844                motor_init
 .text.dif_fluoresent_seed
                0x0800187c       0x48 CMakeFiles/stm32pg.elf.dir/Core/Src/main.c.obj
                0x0800187c                dif_fluoresent_seed
 .text.HAL_GPIO_EXTI_Callback
                0x080018c4       0x98 CMakeFiles/stm32pg.elf.dir/Core/Src/main.c.obj
                0x080018c4                HAL_GPIO_EXTI_Callback
 .text.FDCAN1_Receive_Msg
                0x0800195c       0x24 CMakeFiles/stm32pg.elf.dir/Core/Src/main.c.obj
                0x0800195c                FDCAN1_Receive_Msg
 .text.Global_Status_set
                0x08001980       0x54 CMakeFiles/stm32pg.elf.dir/Core/Src/main.c.obj
                0x08001980                Global_Status_set
 .text.HAL_UART_RxCpltCallback
                0x080019d4       0x8c CMakeFiles/stm32pg.elf.dir/Core/Src/main.c.obj
                0x080019d4                HAL_UART_RxCpltCallback
 .text.Error_Handler
                0x08001a60        0x4 CMakeFiles/stm32pg.elf.dir/Core/Src/main.c.obj
                0x08001a60                Error_Handler
 .text.MX_FDCAN1_Init
                0x08001a64       0x94 CMakeFiles/stm32pg.elf.dir/Core/Src/main.c.obj
 .text.MX_IWDG1_Init
                0x08001af8       0x28 CMakeFiles/stm32pg.elf.dir/Core/Src/main.c.obj
 .text.MX_TIM1_Init
                0x08001b20       0x74 CMakeFiles/stm32pg.elf.dir/Core/Src/main.c.obj
 .text.MX_TIM2_Init
                0x08001b94       0x6c CMakeFiles/stm32pg.elf.dir/Core/Src/main.c.obj
 .text.MX_USART1_UART_Init
                0x08001c00       0x70 CMakeFiles/stm32pg.elf.dir/Core/Src/main.c.obj
 .text.SystemClock_Config
                0x08001c70       0xc8 CMakeFiles/stm32pg.elf.dir/Core/Src/main.c.obj
                0x08001c70                SystemClock_Config
 .text.main     0x08001d38       0x64 CMakeFiles/stm32pg.elf.dir/Core/Src/main.c.obj
                0x08001d38                main
 .text.HAL_FDCAN_RxFifo0Callback
                0x08001d9c       0xa4 CMakeFiles/stm32pg.elf.dir/Core/Src/main.c.obj
                0x08001d9c                HAL_FDCAN_RxFifo0Callback
 .text._isatty  0x08001e40       0x16 CMakeFiles/stm32pg.elf.dir/Core/Src/retarget.c.obj
                0x08001e40                _isatty
 *fill*         0x08001e56        0x2 
 .text._write   0x08001e58       0x34 CMakeFiles/stm32pg.elf.dir/Core/Src/retarget.c.obj
                0x08001e58                _write
 .text._close   0x08001e8c       0x18 CMakeFiles/stm32pg.elf.dir/Core/Src/retarget.c.obj
                0x08001e8c                _close
 .text._lseek   0x08001ea4       0x10 CMakeFiles/stm32pg.elf.dir/Core/Src/retarget.c.obj
                0x08001ea4                _lseek
 .text._read    0x08001eb4       0x30 CMakeFiles/stm32pg.elf.dir/Core/Src/retarget.c.obj
                0x08001eb4                _read
 .text._fstat   0x08001ee4       0x1a CMakeFiles/stm32pg.elf.dir/Core/Src/retarget.c.obj
                0x08001ee4                _fstat
 *fill*         0x08001efe        0x2 
 .text.HAL_MspInit
                0x08001f00       0x24 CMakeFiles/stm32pg.elf.dir/Core/Src/stm32h7xx_hal_msp.c.obj
                0x08001f00                HAL_MspInit
 .text.HAL_FDCAN_MspInit
                0x08001f24       0xf4 CMakeFiles/stm32pg.elf.dir/Core/Src/stm32h7xx_hal_msp.c.obj
                0x08001f24                HAL_FDCAN_MspInit
 .text.HAL_TIM_Base_MspInit
                0x08002018       0x54 CMakeFiles/stm32pg.elf.dir/Core/Src/stm32h7xx_hal_msp.c.obj
                0x08002018                HAL_TIM_Base_MspInit
 .text.HAL_UART_MspInit
                0x0800206c       0xa8 CMakeFiles/stm32pg.elf.dir/Core/Src/stm32h7xx_hal_msp.c.obj
                0x0800206c                HAL_UART_MspInit
 .text.NMI_Handler
                0x08002114        0x2 CMakeFiles/stm32pg.elf.dir/Core/Src/stm32h7xx_it.c.obj
                0x08002114                NMI_Handler
 .text.HardFault_Handler
                0x08002116        0x2 CMakeFiles/stm32pg.elf.dir/Core/Src/stm32h7xx_it.c.obj
                0x08002116                HardFault_Handler
 .text.MemManage_Handler
                0x08002118        0x2 CMakeFiles/stm32pg.elf.dir/Core/Src/stm32h7xx_it.c.obj
                0x08002118                MemManage_Handler
 .text.BusFault_Handler
                0x0800211a        0x2 CMakeFiles/stm32pg.elf.dir/Core/Src/stm32h7xx_it.c.obj
                0x0800211a                BusFault_Handler
 .text.UsageFault_Handler
                0x0800211c        0x2 CMakeFiles/stm32pg.elf.dir/Core/Src/stm32h7xx_it.c.obj
                0x0800211c                UsageFault_Handler
 .text.SVC_Handler
                0x0800211e        0x2 CMakeFiles/stm32pg.elf.dir/Core/Src/stm32h7xx_it.c.obj
                0x0800211e                SVC_Handler
 .text.DebugMon_Handler
                0x08002120        0x2 CMakeFiles/stm32pg.elf.dir/Core/Src/stm32h7xx_it.c.obj
                0x08002120                DebugMon_Handler
 .text.PendSV_Handler
                0x08002122        0x2 CMakeFiles/stm32pg.elf.dir/Core/Src/stm32h7xx_it.c.obj
                0x08002122                PendSV_Handler
 .text.SysTick_Handler
                0x08002124        0x8 CMakeFiles/stm32pg.elf.dir/Core/Src/stm32h7xx_it.c.obj
                0x08002124                SysTick_Handler
 .text.EXTI3_IRQHandler
                0x0800212c        0xa CMakeFiles/stm32pg.elf.dir/Core/Src/stm32h7xx_it.c.obj
                0x0800212c                EXTI3_IRQHandler
 .text.EXTI4_IRQHandler
                0x08002136        0xa CMakeFiles/stm32pg.elf.dir/Core/Src/stm32h7xx_it.c.obj
                0x08002136                EXTI4_IRQHandler
 .text.FDCAN1_IT0_IRQHandler
                0x08002140       0x10 CMakeFiles/stm32pg.elf.dir/Core/Src/stm32h7xx_it.c.obj
                0x08002140                FDCAN1_IT0_IRQHandler
 .text.FDCAN1_IT1_IRQHandler
                0x08002150       0x10 CMakeFiles/stm32pg.elf.dir/Core/Src/stm32h7xx_it.c.obj
                0x08002150                FDCAN1_IT1_IRQHandler
 .text.USART1_IRQHandler
                0x08002160       0x10 CMakeFiles/stm32pg.elf.dir/Core/Src/stm32h7xx_it.c.obj
                0x08002160                USART1_IRQHandler
 .text._getpid  0x08002170        0x4 CMakeFiles/stm32pg.elf.dir/Core/Src/syscalls.c.obj
                0x08002170                _getpid
 .text._kill    0x08002174       0x10 CMakeFiles/stm32pg.elf.dir/Core/Src/syscalls.c.obj
                0x08002174                _kill
 .text._exit    0x08002184        0xc CMakeFiles/stm32pg.elf.dir/Core/Src/syscalls.c.obj
                0x08002184                _exit
 .text._sbrk    0x08002190       0x48 CMakeFiles/stm32pg.elf.dir/Core/Src/sysmem.c.obj
                0x08002190                _sbrk
 .text.SystemInit
                0x080021d8       0xbc CMakeFiles/stm32pg.elf.dir/Core/Src/system_stm32h7xx.c.obj
                0x080021d8                SystemInit
 .text.Reset_Handler
                0x08002294       0x50 CMakeFiles/stm32pg.elf.dir/Core/Startup/startup_stm32h753iitx.s.obj
                0x08002294                Reset_Handler
 .text.Default_Handler
                0x080022e4        0x2 CMakeFiles/stm32pg.elf.dir/Core/Startup/startup_stm32h753iitx.s.obj
                0x080022e4                RTC_Alarm_IRQHandler
                0x080022e4                HASH_RNG_IRQHandler
                0x080022e4                EXTI2_IRQHandler
                0x080022e4                TIM8_CC_IRQHandler
                0x080022e4                HRTIM1_Master_IRQHandler
                0x080022e4                UART8_IRQHandler
                0x080022e4                SPI4_IRQHandler
                0x080022e4                TIM1_CC_IRQHandler
                0x080022e4                BDMA_Channel6_IRQHandler
                0x080022e4                DMA2_Stream5_IRQHandler
                0x080022e4                HRTIM1_FLT_IRQHandler
                0x080022e4                JPEG_IRQHandler
                0x080022e4                DMA1_Stream5_IRQHandler
                0x080022e4                BDMA_Channel1_IRQHandler
                0x080022e4                HRTIM1_TIMD_IRQHandler
                0x080022e4                TAMP_STAMP_IRQHandler
                0x080022e4                LPTIM4_IRQHandler
                0x080022e4                TIM8_TRG_COM_TIM14_IRQHandler
                0x080022e4                LPTIM2_IRQHandler
                0x080022e4                DFSDM1_FLT1_IRQHandler
                0x080022e4                DMAMUX2_OVR_IRQHandler
                0x080022e4                TIM8_UP_TIM13_IRQHandler
                0x080022e4                I2C3_ER_IRQHandler
                0x080022e4                DFSDM1_FLT2_IRQHandler
                0x080022e4                MDMA_IRQHandler
                0x080022e4                LPTIM3_IRQHandler
                0x080022e4                HSEM1_IRQHandler
                0x080022e4                EXTI0_IRQHandler
                0x080022e4                I2C2_EV_IRQHandler
                0x080022e4                DMA1_Stream2_IRQHandler
                0x080022e4                FPU_IRQHandler
                0x080022e4                OTG_HS_WKUP_IRQHandler
                0x080022e4                LTDC_ER_IRQHandler
                0x080022e4                DMA2_Stream2_IRQHandler
                0x080022e4                HRTIM1_TIME_IRQHandler
                0x080022e4                SPI1_IRQHandler
                0x080022e4                TIM6_DAC_IRQHandler
                0x080022e4                DCMI_IRQHandler
                0x080022e4                HRTIM1_TIMC_IRQHandler
                0x080022e4                DMA2_Stream3_IRQHandler
                0x080022e4                SAI2_IRQHandler
                0x080022e4                DFSDM1_FLT3_IRQHandler
                0x080022e4                USART6_IRQHandler
                0x080022e4                TIM17_IRQHandler
                0x080022e4                USART3_IRQHandler
                0x080022e4                BDMA_Channel7_IRQHandler
                0x080022e4                CRYP_IRQHandler
                0x080022e4                LPTIM5_IRQHandler
                0x080022e4                UART5_IRQHandler
                0x080022e4                ADC3_IRQHandler
                0x080022e4                DMA2_Stream0_IRQHandler
                0x080022e4                TIM4_IRQHandler
                0x080022e4                BDMA_Channel2_IRQHandler
                0x080022e4                QUADSPI_IRQHandler
                0x080022e4                I2C1_EV_IRQHandler
                0x080022e4                DMA1_Stream6_IRQHandler
                0x080022e4                DMAMUX1_OVR_IRQHandler
                0x080022e4                DMA1_Stream1_IRQHandler
                0x080022e4                TIM16_IRQHandler
                0x080022e4                UART4_IRQHandler
                0x080022e4                BDMA_Channel5_IRQHandler
                0x080022e4                TIM3_IRQHandler
                0x080022e4                RCC_IRQHandler
                0x080022e4                TIM8_BRK_TIM12_IRQHandler
                0x080022e4                TIM1_TRG_COM_IRQHandler
                0x080022e4                Default_Handler
                0x080022e4                ECC_IRQHandler
                0x080022e4                CEC_IRQHandler
                0x080022e4                EXTI15_10_IRQHandler
                0x080022e4                BDMA_Channel0_IRQHandler
                0x080022e4                ADC_IRQHandler
                0x080022e4                DMA1_Stream7_IRQHandler
                0x080022e4                HRTIM1_TIMA_IRQHandler
                0x080022e4                SPI5_IRQHandler
                0x080022e4                TIM7_IRQHandler
                0x080022e4                SDMMC1_IRQHandler
                0x080022e4                TIM5_IRQHandler
                0x080022e4                DMA2_Stream7_IRQHandler
                0x080022e4                TIM15_IRQHandler
                0x080022e4                PVD_AVD_IRQHandler
                0x080022e4                I2C3_EV_IRQHandler
                0x080022e4                EXTI9_5_IRQHandler
                0x080022e4                RTC_WKUP_IRQHandler
                0x080022e4                LTDC_IRQHandler
                0x080022e4                SAI3_IRQHandler
                0x080022e4                ETH_WKUP_IRQHandler
                0x080022e4                SPDIF_RX_IRQHandler
                0x080022e4                SPI2_IRQHandler
                0x080022e4                OTG_HS_EP1_IN_IRQHandler
                0x080022e4                DMA1_Stream0_IRQHandler
                0x080022e4                CRS_IRQHandler
                0x080022e4                HRTIM1_TIMB_IRQHandler
                0x080022e4                FDCAN2_IT1_IRQHandler
                0x080022e4                ETH_IRQHandler
                0x080022e4                TIM1_UP_IRQHandler
                0x080022e4                BDMA_Channel4_IRQHandler
                0x080022e4                OTG_HS_EP1_OUT_IRQHandler
                0x080022e4                WWDG_IRQHandler
                0x080022e4                SPI6_IRQHandler
                0x080022e4                MDIOS_IRQHandler
                0x080022e4                I2C4_EV_IRQHandler
                0x080022e4                FDCAN2_IT0_IRQHandler
                0x080022e4                LPUART1_IRQHandler
                0x080022e4                TIM2_IRQHandler
                0x080022e4                OTG_FS_WKUP_IRQHandler
                0x080022e4                OTG_HS_IRQHandler
                0x080022e4                DMA2D_IRQHandler
                0x080022e4                TIM1_BRK_IRQHandler
                0x080022e4                EXTI1_IRQHandler
                0x080022e4                SDMMC2_IRQHandler
                0x080022e4                OTG_FS_EP1_OUT_IRQHandler
                0x080022e4                BDMA_Channel3_IRQHandler
                0x080022e4                UART7_IRQHandler
                0x080022e4                MDIOS_WKUP_IRQHandler
                0x080022e4                USART2_IRQHandler
                0x080022e4                DFSDM1_FLT0_IRQHandler
                0x080022e4                SAI4_IRQHandler
                0x080022e4                I2C2_ER_IRQHandler
                0x080022e4                DMA2_Stream1_IRQHandler
                0x080022e4                FLASH_IRQHandler
                0x080022e4                DMA2_Stream4_IRQHandler
                0x080022e4                OTG_FS_IRQHandler
                0x080022e4                SPI3_IRQHandler
                0x080022e4                WAKEUP_PIN_IRQHandler
                0x080022e4                DMA1_Stream4_IRQHandler
                0x080022e4                OTG_FS_EP1_IN_IRQHandler
                0x080022e4                I2C1_ER_IRQHandler
                0x080022e4                FMC_IRQHandler
                0x080022e4                FDCAN_CAL_IRQHandler
                0x080022e4                SWPMI1_IRQHandler
                0x080022e4                COMP1_IRQHandler
                0x080022e4                LPTIM1_IRQHandler
                0x080022e4                I2C4_ER_IRQHandler
                0x080022e4                DMA2_Stream6_IRQHandler
                0x080022e4                SAI1_IRQHandler
                0x080022e4                DMA1_Stream3_IRQHandler
 *fill*         0x080022e6        0x2 
 .text.HAL_InitTick
                0x080022e8       0x50 CMakeFiles/stm32pg.elf.dir/Drivers/STM32H7xx_HAL_Driver/Src/stm32h7xx_hal.c.obj
                0x080022e8                HAL_InitTick
 .text.HAL_Init
                0x08002338       0x5c CMakeFiles/stm32pg.elf.dir/Drivers/STM32H7xx_HAL_Driver/Src/stm32h7xx_hal.c.obj
                0x08002338                HAL_Init
 .text.HAL_IncTick
                0x08002394       0x18 CMakeFiles/stm32pg.elf.dir/Drivers/STM32H7xx_HAL_Driver/Src/stm32h7xx_hal.c.obj
                0x08002394                HAL_IncTick
 .text.HAL_GetTick
                0x080023ac        0xc CMakeFiles/stm32pg.elf.dir/Drivers/STM32H7xx_HAL_Driver/Src/stm32h7xx_hal.c.obj
                0x080023ac                HAL_GetTick
 .text.HAL_GetREVID
                0x080023b8        0xc CMakeFiles/stm32pg.elf.dir/Drivers/STM32H7xx_HAL_Driver/Src/stm32h7xx_hal.c.obj
                0x080023b8                HAL_GetREVID
 .text.HAL_NVIC_SetPriorityGrouping
                0x080023c4       0x24 CMakeFiles/stm32pg.elf.dir/Drivers/STM32H7xx_HAL_Driver/Src/stm32h7xx_hal_cortex.c.obj
                0x080023c4                HAL_NVIC_SetPriorityGrouping
 .text.HAL_NVIC_SetPriority
                0x080023e8       0x6c CMakeFiles/stm32pg.elf.dir/Drivers/STM32H7xx_HAL_Driver/Src/stm32h7xx_hal_cortex.c.obj
                0x080023e8                HAL_NVIC_SetPriority
 .text.HAL_NVIC_EnableIRQ
                0x08002454       0x1c CMakeFiles/stm32pg.elf.dir/Drivers/STM32H7xx_HAL_Driver/Src/stm32h7xx_hal_cortex.c.obj
                0x08002454                HAL_NVIC_EnableIRQ
 .text.HAL_SYSTICK_Config
                0x08002470       0x28 CMakeFiles/stm32pg.elf.dir/Drivers/STM32H7xx_HAL_Driver/Src/stm32h7xx_hal_cortex.c.obj
                0x08002470                HAL_SYSTICK_Config
 .text.HAL_DMA_Abort
                0x08002498      0x340 CMakeFiles/stm32pg.elf.dir/Drivers/STM32H7xx_HAL_Driver/Src/stm32h7xx_hal_dma.c.obj
                0x08002498                HAL_DMA_Abort
 .text.HAL_DMA_Abort_IT
                0x080027d8      0x270 CMakeFiles/stm32pg.elf.dir/Drivers/STM32H7xx_HAL_Driver/Src/stm32h7xx_hal_dma.c.obj
                0x080027d8                HAL_DMA_Abort_IT
 .text.FDCAN_CalcultateRamBlockAddresses
                0x08002a48      0x1e0 CMakeFiles/stm32pg.elf.dir/Drivers/STM32H7xx_HAL_Driver/Src/stm32h7xx_hal_fdcan.c.obj
 .text.HAL_FDCAN_Init
                0x08002c28      0x294 CMakeFiles/stm32pg.elf.dir/Drivers/STM32H7xx_HAL_Driver/Src/stm32h7xx_hal_fdcan.c.obj
                0x08002c28                HAL_FDCAN_Init
 .text.HAL_FDCAN_ConfigFilter
                0x08002ebc       0x82 CMakeFiles/stm32pg.elf.dir/Drivers/STM32H7xx_HAL_Driver/Src/stm32h7xx_hal_fdcan.c.obj
                0x08002ebc                HAL_FDCAN_ConfigFilter
 .text.HAL_FDCAN_Start
                0x08002f3e       0x34 CMakeFiles/stm32pg.elf.dir/Drivers/STM32H7xx_HAL_Driver/Src/stm32h7xx_hal_fdcan.c.obj
                0x08002f3e                HAL_FDCAN_Start
 *fill*         0x08002f72        0x2 
 .text.HAL_FDCAN_GetRxMessage
                0x08002f74      0x1e0 CMakeFiles/stm32pg.elf.dir/Drivers/STM32H7xx_HAL_Driver/Src/stm32h7xx_hal_fdcan.c.obj
                0x08002f74                HAL_FDCAN_GetRxMessage
 .text.HAL_FDCAN_ActivateNotification
                0x08003154       0x90 CMakeFiles/stm32pg.elf.dir/Drivers/STM32H7xx_HAL_Driver/Src/stm32h7xx_hal_fdcan.c.obj
                0x08003154                HAL_FDCAN_ActivateNotification
 .text.HAL_FDCAN_ClockCalibrationCallback
                0x080031e4        0x2 CMakeFiles/stm32pg.elf.dir/Drivers/STM32H7xx_HAL_Driver/Src/stm32h7xx_hal_fdcan.c.obj
                0x080031e4                HAL_FDCAN_ClockCalibrationCallback
 .text.HAL_FDCAN_TxEventFifoCallback
                0x080031e6        0x2 CMakeFiles/stm32pg.elf.dir/Drivers/STM32H7xx_HAL_Driver/Src/stm32h7xx_hal_fdcan.c.obj
                0x080031e6                HAL_FDCAN_TxEventFifoCallback
 .text.HAL_FDCAN_RxFifo1Callback
                0x080031e8        0x2 CMakeFiles/stm32pg.elf.dir/Drivers/STM32H7xx_HAL_Driver/Src/stm32h7xx_hal_fdcan.c.obj
                0x080031e8                HAL_FDCAN_RxFifo1Callback
 .text.HAL_FDCAN_TxFifoEmptyCallback
                0x080031ea        0x2 CMakeFiles/stm32pg.elf.dir/Drivers/STM32H7xx_HAL_Driver/Src/stm32h7xx_hal_fdcan.c.obj
                0x080031ea                HAL_FDCAN_TxFifoEmptyCallback
 .text.HAL_FDCAN_TxBufferCompleteCallback
                0x080031ec        0x2 CMakeFiles/stm32pg.elf.dir/Drivers/STM32H7xx_HAL_Driver/Src/stm32h7xx_hal_fdcan.c.obj
                0x080031ec                HAL_FDCAN_TxBufferCompleteCallback
 .text.HAL_FDCAN_TxBufferAbortCallback
                0x080031ee        0x2 CMakeFiles/stm32pg.elf.dir/Drivers/STM32H7xx_HAL_Driver/Src/stm32h7xx_hal_fdcan.c.obj
                0x080031ee                HAL_FDCAN_TxBufferAbortCallback
 .text.HAL_FDCAN_RxBufferNewMessageCallback
                0x080031f0        0x2 CMakeFiles/stm32pg.elf.dir/Drivers/STM32H7xx_HAL_Driver/Src/stm32h7xx_hal_fdcan.c.obj
                0x080031f0                HAL_FDCAN_RxBufferNewMessageCallback
 .text.HAL_FDCAN_TimestampWraparoundCallback
                0x080031f2        0x2 CMakeFiles/stm32pg.elf.dir/Drivers/STM32H7xx_HAL_Driver/Src/stm32h7xx_hal_fdcan.c.obj
                0x080031f2                HAL_FDCAN_TimestampWraparoundCallback
 .text.HAL_FDCAN_TimeoutOccurredCallback
                0x080031f4        0x2 CMakeFiles/stm32pg.elf.dir/Drivers/STM32H7xx_HAL_Driver/Src/stm32h7xx_hal_fdcan.c.obj
                0x080031f4                HAL_FDCAN_TimeoutOccurredCallback
 .text.HAL_FDCAN_HighPriorityMessageCallback
                0x080031f6        0x2 CMakeFiles/stm32pg.elf.dir/Drivers/STM32H7xx_HAL_Driver/Src/stm32h7xx_hal_fdcan.c.obj
                0x080031f6                HAL_FDCAN_HighPriorityMessageCallback
 .text.HAL_FDCAN_ErrorCallback
                0x080031f8        0x2 CMakeFiles/stm32pg.elf.dir/Drivers/STM32H7xx_HAL_Driver/Src/stm32h7xx_hal_fdcan.c.obj
                0x080031f8                HAL_FDCAN_ErrorCallback
 .text.HAL_FDCAN_ErrorStatusCallback
                0x080031fa        0x2 CMakeFiles/stm32pg.elf.dir/Drivers/STM32H7xx_HAL_Driver/Src/stm32h7xx_hal_fdcan.c.obj
                0x080031fa                HAL_FDCAN_ErrorStatusCallback
 .text.HAL_FDCAN_TT_ScheduleSyncCallback
                0x080031fc        0x2 CMakeFiles/stm32pg.elf.dir/Drivers/STM32H7xx_HAL_Driver/Src/stm32h7xx_hal_fdcan.c.obj
                0x080031fc                HAL_FDCAN_TT_ScheduleSyncCallback
 .text.HAL_FDCAN_TT_TimeMarkCallback
                0x080031fe        0x2 CMakeFiles/stm32pg.elf.dir/Drivers/STM32H7xx_HAL_Driver/Src/stm32h7xx_hal_fdcan.c.obj
                0x080031fe                HAL_FDCAN_TT_TimeMarkCallback
 .text.HAL_FDCAN_TT_StopWatchCallback
                0x08003200        0x2 CMakeFiles/stm32pg.elf.dir/Drivers/STM32H7xx_HAL_Driver/Src/stm32h7xx_hal_fdcan.c.obj
                0x08003200                HAL_FDCAN_TT_StopWatchCallback
 .text.HAL_FDCAN_TT_GlobalTimeCallback
                0x08003202        0x2 CMakeFiles/stm32pg.elf.dir/Drivers/STM32H7xx_HAL_Driver/Src/stm32h7xx_hal_fdcan.c.obj
                0x08003202                HAL_FDCAN_TT_GlobalTimeCallback
 .text.HAL_FDCAN_IRQHandler
                0x08003204      0x31c CMakeFiles/stm32pg.elf.dir/Drivers/STM32H7xx_HAL_Driver/Src/stm32h7xx_hal_fdcan.c.obj
                0x08003204                HAL_FDCAN_IRQHandler
 .text.HAL_GPIO_Init
                0x08003520      0x228 CMakeFiles/stm32pg.elf.dir/Drivers/STM32H7xx_HAL_Driver/Src/stm32h7xx_hal_gpio.c.obj
                0x08003520                HAL_GPIO_Init
 .text.HAL_GPIO_ReadPin
                0x08003748        0xe CMakeFiles/stm32pg.elf.dir/Drivers/STM32H7xx_HAL_Driver/Src/stm32h7xx_hal_gpio.c.obj
                0x08003748                HAL_GPIO_ReadPin
 .text.HAL_GPIO_WritePin
                0x08003756        0xc CMakeFiles/stm32pg.elf.dir/Drivers/STM32H7xx_HAL_Driver/Src/stm32h7xx_hal_gpio.c.obj
                0x08003756                HAL_GPIO_WritePin
 .text.HAL_GPIO_EXTI_IRQHandler
                0x08003762       0x1e CMakeFiles/stm32pg.elf.dir/Drivers/STM32H7xx_HAL_Driver/Src/stm32h7xx_hal_gpio.c.obj
                0x08003762                HAL_GPIO_EXTI_IRQHandler
 .text.HAL_IWDG_Init
                0x08003780       0x68 CMakeFiles/stm32pg.elf.dir/Drivers/STM32H7xx_HAL_Driver/Src/stm32h7xx_hal_iwdg.c.obj
                0x08003780                HAL_IWDG_Init
 .text.HAL_IWDG_Refresh
                0x080037e8        0xc CMakeFiles/stm32pg.elf.dir/Drivers/STM32H7xx_HAL_Driver/Src/stm32h7xx_hal_iwdg.c.obj
                0x080037e8                HAL_IWDG_Refresh
 .text.HAL_PWREx_ConfigSupply
                0x080037f4       0x54 CMakeFiles/stm32pg.elf.dir/Drivers/STM32H7xx_HAL_Driver/Src/stm32h7xx_hal_pwr_ex.c.obj
                0x080037f4                HAL_PWREx_ConfigSupply
 .text.HAL_RCC_OscConfig
                0x08003848      0x6b4 CMakeFiles/stm32pg.elf.dir/Drivers/STM32H7xx_HAL_Driver/Src/stm32h7xx_hal_rcc.c.obj
                0x08003848                HAL_RCC_OscConfig
 .text.HAL_RCC_GetSysClockFreq
                0x08003efc      0x218 CMakeFiles/stm32pg.elf.dir/Drivers/STM32H7xx_HAL_Driver/Src/stm32h7xx_hal_rcc.c.obj
                0x08003efc                HAL_RCC_GetSysClockFreq
 .text.HAL_RCC_ClockConfig
                0x08004114      0x294 CMakeFiles/stm32pg.elf.dir/Drivers/STM32H7xx_HAL_Driver/Src/stm32h7xx_hal_rcc.c.obj
                0x08004114                HAL_RCC_ClockConfig
 .text.HAL_RCC_GetHCLKFreq
                0x080043a8       0x44 CMakeFiles/stm32pg.elf.dir/Drivers/STM32H7xx_HAL_Driver/Src/stm32h7xx_hal_rcc.c.obj
                0x080043a8                HAL_RCC_GetHCLKFreq
 .text.HAL_RCC_GetPCLK1Freq
                0x080043ec       0x24 CMakeFiles/stm32pg.elf.dir/Drivers/STM32H7xx_HAL_Driver/Src/stm32h7xx_hal_rcc.c.obj
                0x080043ec                HAL_RCC_GetPCLK1Freq
 .text.HAL_RCC_GetPCLK2Freq
                0x08004410       0x24 CMakeFiles/stm32pg.elf.dir/Drivers/STM32H7xx_HAL_Driver/Src/stm32h7xx_hal_rcc.c.obj
                0x08004410                HAL_RCC_GetPCLK2Freq
 .text.RCCEx_PLL2_Config
                0x08004434      0x10c CMakeFiles/stm32pg.elf.dir/Drivers/STM32H7xx_HAL_Driver/Src/stm32h7xx_hal_rcc_ex.c.obj
 .text.RCCEx_PLL3_Config
                0x08004540      0x10c CMakeFiles/stm32pg.elf.dir/Drivers/STM32H7xx_HAL_Driver/Src/stm32h7xx_hal_rcc_ex.c.obj
 .text.HAL_RCCEx_PeriphCLKConfig
                0x0800464c      0xa8c CMakeFiles/stm32pg.elf.dir/Drivers/STM32H7xx_HAL_Driver/Src/stm32h7xx_hal_rcc_ex.c.obj
                0x0800464c                HAL_RCCEx_PeriphCLKConfig
 .text.HAL_RCCEx_GetD3PCLK1Freq
                0x080050d8       0x24 CMakeFiles/stm32pg.elf.dir/Drivers/STM32H7xx_HAL_Driver/Src/stm32h7xx_hal_rcc_ex.c.obj
                0x080050d8                HAL_RCCEx_GetD3PCLK1Freq
 .text.HAL_RCCEx_GetPLL2ClockFreq
                0x080050fc      0x234 CMakeFiles/stm32pg.elf.dir/Drivers/STM32H7xx_HAL_Driver/Src/stm32h7xx_hal_rcc_ex.c.obj
                0x080050fc                HAL_RCCEx_GetPLL2ClockFreq
 .text.HAL_RCCEx_GetPLL3ClockFreq
                0x08005330      0x234 CMakeFiles/stm32pg.elf.dir/Drivers/STM32H7xx_HAL_Driver/Src/stm32h7xx_hal_rcc_ex.c.obj
                0x08005330                HAL_RCCEx_GetPLL3ClockFreq
 .text.TIM_TI1_ConfigInputStage
                0x08005564       0x24 CMakeFiles/stm32pg.elf.dir/Drivers/STM32H7xx_HAL_Driver/Src/stm32h7xx_hal_tim.c.obj
 .text.TIM_TI2_ConfigInputStage
                0x08005588       0x26 CMakeFiles/stm32pg.elf.dir/Drivers/STM32H7xx_HAL_Driver/Src/stm32h7xx_hal_tim.c.obj
 *fill*         0x080055ae        0x2 
 .text.TIM_ITRx_SetConfig
                0x080055b0       0x14 CMakeFiles/stm32pg.elf.dir/Drivers/STM32H7xx_HAL_Driver/Src/stm32h7xx_hal_tim.c.obj
 .text.HAL_TIM_Base_Start_IT
                0x080055c4       0x90 CMakeFiles/stm32pg.elf.dir/Drivers/STM32H7xx_HAL_Driver/Src/stm32h7xx_hal_tim.c.obj
                0x080055c4                HAL_TIM_Base_Start_IT
 .text.TIM_Base_SetConfig
                0x08005654      0x104 CMakeFiles/stm32pg.elf.dir/Drivers/STM32H7xx_HAL_Driver/Src/stm32h7xx_hal_tim.c.obj
                0x08005654                TIM_Base_SetConfig
 .text.HAL_TIM_Base_Init
                0x08005758       0x60 CMakeFiles/stm32pg.elf.dir/Drivers/STM32H7xx_HAL_Driver/Src/stm32h7xx_hal_tim.c.obj
                0x08005758                HAL_TIM_Base_Init
 .text.TIM_ETR_SetConfig
                0x080057b8       0x18 CMakeFiles/stm32pg.elf.dir/Drivers/STM32H7xx_HAL_Driver/Src/stm32h7xx_hal_tim.c.obj
                0x080057b8                TIM_ETR_SetConfig
 .text.HAL_TIM_ConfigClockSource
                0x080057d0      0x138 CMakeFiles/stm32pg.elf.dir/Drivers/STM32H7xx_HAL_Driver/Src/stm32h7xx_hal_tim.c.obj
                0x080057d0                HAL_TIM_ConfigClockSource
 .text.HAL_TIMEx_MasterConfigSynchronization
                0x08005908       0xa0 CMakeFiles/stm32pg.elf.dir/Drivers/STM32H7xx_HAL_Driver/Src/stm32h7xx_hal_tim_ex.c.obj
                0x08005908                HAL_TIMEx_MasterConfigSynchronization
 .text.UART_EndRxTransfer
                0x080059a8       0x58 CMakeFiles/stm32pg.elf.dir/Drivers/STM32H7xx_HAL_Driver/Src/stm32h7xx_hal_uart.c.obj
 .text.HAL_UART_TxCpltCallback
                0x08005a00        0x2 CMakeFiles/stm32pg.elf.dir/Drivers/STM32H7xx_HAL_Driver/Src/stm32h7xx_hal_uart.c.obj
                0x08005a00                HAL_UART_TxCpltCallback
 .text.UART_EndTransmit_IT
                0x08005a02       0x24 CMakeFiles/stm32pg.elf.dir/Drivers/STM32H7xx_HAL_Driver/Src/stm32h7xx_hal_uart.c.obj
 .text.HAL_UART_ErrorCallback
                0x08005a26        0x2 CMakeFiles/stm32pg.elf.dir/Drivers/STM32H7xx_HAL_Driver/Src/stm32h7xx_hal_uart.c.obj
                0x08005a26                HAL_UART_ErrorCallback
 .text.UART_DMAAbortOnError
                0x08005a28       0x14 CMakeFiles/stm32pg.elf.dir/Drivers/STM32H7xx_HAL_Driver/Src/stm32h7xx_hal_uart.c.obj
 .text.HAL_UARTEx_RxEventCallback
                0x08005a3c        0x2 CMakeFiles/stm32pg.elf.dir/Drivers/STM32H7xx_HAL_Driver/Src/stm32h7xx_hal_uart.c.obj
                0x08005a3c                HAL_UARTEx_RxEventCallback
 *fill*         0x08005a3e        0x2 
 .text.HAL_UART_IRQHandler
                0x08005a40      0x3b8 CMakeFiles/stm32pg.elf.dir/Drivers/STM32H7xx_HAL_Driver/Src/stm32h7xx_hal_uart.c.obj
                0x08005a40                HAL_UART_IRQHandler
 .text.UART_RxISR_8BIT
                0x08005df8       0xdc CMakeFiles/stm32pg.elf.dir/Drivers/STM32H7xx_HAL_Driver/Src/stm32h7xx_hal_uart.c.obj
 .text.UART_RxISR_16BIT
                0x08005ed4       0xd8 CMakeFiles/stm32pg.elf.dir/Drivers/STM32H7xx_HAL_Driver/Src/stm32h7xx_hal_uart.c.obj
 .text.UART_RxISR_8BIT_FIFOEN
                0x08005fac      0x1cc CMakeFiles/stm32pg.elf.dir/Drivers/STM32H7xx_HAL_Driver/Src/stm32h7xx_hal_uart.c.obj
 .text.UART_RxISR_16BIT_FIFOEN
                0x08006178      0x1c8 CMakeFiles/stm32pg.elf.dir/Drivers/STM32H7xx_HAL_Driver/Src/stm32h7xx_hal_uart.c.obj
 .text.UART_SetConfig
                0x08006340      0x5f4 CMakeFiles/stm32pg.elf.dir/Drivers/STM32H7xx_HAL_Driver/Src/stm32h7xx_hal_uart.c.obj
                0x08006340                UART_SetConfig
 .text.UART_AdvFeatureConfig
                0x08006934       0xca CMakeFiles/stm32pg.elf.dir/Drivers/STM32H7xx_HAL_Driver/Src/stm32h7xx_hal_uart.c.obj
                0x08006934                UART_AdvFeatureConfig
 .text.UART_WaitOnFlagUntilTimeout
                0x080069fe       0x9a CMakeFiles/stm32pg.elf.dir/Drivers/STM32H7xx_HAL_Driver/Src/stm32h7xx_hal_uart.c.obj
                0x080069fe                UART_WaitOnFlagUntilTimeout
 .text.HAL_UART_Transmit
                0x08006a98       0xd0 CMakeFiles/stm32pg.elf.dir/Drivers/STM32H7xx_HAL_Driver/Src/stm32h7xx_hal_uart.c.obj
                0x08006a98                HAL_UART_Transmit
 .text.HAL_UART_Receive
                0x08006b68      0x116 CMakeFiles/stm32pg.elf.dir/Drivers/STM32H7xx_HAL_Driver/Src/stm32h7xx_hal_uart.c.obj
                0x08006b68                HAL_UART_Receive
 .text.UART_CheckIdleState
                0x08006c7e       0xca CMakeFiles/stm32pg.elf.dir/Drivers/STM32H7xx_HAL_Driver/Src/stm32h7xx_hal_uart.c.obj
                0x08006c7e                UART_CheckIdleState
 .text.HAL_UART_Init
                0x08006d48       0x66 CMakeFiles/stm32pg.elf.dir/Drivers/STM32H7xx_HAL_Driver/Src/stm32h7xx_hal_uart.c.obj
                0x08006d48                HAL_UART_Init
 *fill*         0x08006dae        0x2 
 .text.UART_Start_Receive_IT
                0x08006db0      0x13c CMakeFiles/stm32pg.elf.dir/Drivers/STM32H7xx_HAL_Driver/Src/stm32h7xx_hal_uart.c.obj
                0x08006db0                UART_Start_Receive_IT
 .text.HAL_UART_Receive_IT
                0x08006eec       0x4c CMakeFiles/stm32pg.elf.dir/Drivers/STM32H7xx_HAL_Driver/Src/stm32h7xx_hal_uart.c.obj
                0x08006eec                HAL_UART_Receive_IT
 .text.UARTEx_SetNbDataToProcess
                0x08006f38       0x4c CMakeFiles/stm32pg.elf.dir/Drivers/STM32H7xx_HAL_Driver/Src/stm32h7xx_hal_uart_ex.c.obj
 .text.HAL_UARTEx_WakeupCallback
                0x08006f84        0x2 CMakeFiles/stm32pg.elf.dir/Drivers/STM32H7xx_HAL_Driver/Src/stm32h7xx_hal_uart_ex.c.obj
                0x08006f84                HAL_UARTEx_WakeupCallback
 .text.HAL_UARTEx_RxFifoFullCallback
                0x08006f86        0x2 CMakeFiles/stm32pg.elf.dir/Drivers/STM32H7xx_HAL_Driver/Src/stm32h7xx_hal_uart_ex.c.obj
                0x08006f86                HAL_UARTEx_RxFifoFullCallback
 .text.HAL_UARTEx_TxFifoEmptyCallback
                0x08006f88        0x2 CMakeFiles/stm32pg.elf.dir/Drivers/STM32H7xx_HAL_Driver/Src/stm32h7xx_hal_uart_ex.c.obj
                0x08006f88                HAL_UARTEx_TxFifoEmptyCallback
 .text.HAL_UARTEx_DisableFifoMode
                0x08006f8a       0x3e CMakeFiles/stm32pg.elf.dir/Drivers/STM32H7xx_HAL_Driver/Src/stm32h7xx_hal_uart_ex.c.obj
                0x08006f8a                HAL_UARTEx_DisableFifoMode
 .text.HAL_UARTEx_SetTxFifoThreshold
                0x08006fc8       0x4a CMakeFiles/stm32pg.elf.dir/Drivers/STM32H7xx_HAL_Driver/Src/stm32h7xx_hal_uart_ex.c.obj
                0x08006fc8                HAL_UARTEx_SetTxFifoThreshold
 .text.HAL_UARTEx_SetRxFifoThreshold
                0x08007012       0x4a CMakeFiles/stm32pg.elf.dir/Drivers/STM32H7xx_HAL_Driver/Src/stm32h7xx_hal_uart_ex.c.obj
                0x08007012                HAL_UARTEx_SetRxFifoThreshold
 .text.__errno  0x0800705c        0xc e:/stm/gcc-arm-none-eabi-10.3-2021.10-win32/gcc-arm-none-eabi-10.3-2021.10/bin/../lib/gcc/arm-none-eabi/10.3.1/../../../../arm-none-eabi/lib/thumb/v7e-m/nofp\libg.a(lib_a-errno.o)
                0x0800705c                __errno
 .text.__libc_init_array
                0x08007068       0x48 e:/stm/gcc-arm-none-eabi-10.3-2021.10-win32/gcc-arm-none-eabi-10.3-2021.10/bin/../lib/gcc/arm-none-eabi/10.3.1/../../../../arm-none-eabi/lib/thumb/v7e-m/nofp\libg.a(lib_a-init.o)
                0x08007068                __libc_init_array
 .text.memset   0x080070b0       0xa4 e:/stm/gcc-arm-none-eabi-10.3-2021.10-win32/gcc-arm-none-eabi-10.3-2021.10/bin/../lib/gcc/arm-none-eabi/10.3.1/../../../../arm-none-eabi/lib/thumb/v7e-m/nofp\libg.a(lib_a-memset.o)
                0x080070b0                memset
 .text.printf   0x08007154       0x28 e:/stm/gcc-arm-none-eabi-10.3-2021.10-win32/gcc-arm-none-eabi-10.3-2021.10/bin/../lib/gcc/arm-none-eabi/10.3.1/../../../../arm-none-eabi/lib/thumb/v7e-m/nofp\libg.a(lib_a-printf.o)
                0x08007154                printf
 .text._puts_r  0x0800717c       0x9c e:/stm/gcc-arm-none-eabi-10.3-2021.10-win32/gcc-arm-none-eabi-10.3-2021.10/bin/../lib/gcc/arm-none-eabi/10.3.1/../../../../arm-none-eabi/lib/thumb/v7e-m/nofp\libg.a(lib_a-puts.o)
                0x0800717c                _puts_r
 .text.puts     0x08007218       0x10 e:/stm/gcc-arm-none-eabi-10.3-2021.10-win32/gcc-arm-none-eabi-10.3-2021.10/bin/../lib/gcc/arm-none-eabi/10.3.1/../../../../arm-none-eabi/lib/thumb/v7e-m/nofp\libg.a(lib_a-puts.o)
                0x08007218                puts
 .text._vfprintf_r
                0x08007228     0x1ad4 e:/stm/gcc-arm-none-eabi-10.3-2021.10-win32/gcc-arm-none-eabi-10.3-2021.10/bin/../lib/gcc/arm-none-eabi/10.3.1/../../../../arm-none-eabi/lib/thumb/v7e-m/nofp\libg.a(lib_a-vfprintf.o)
                0x08007228                _vfprintf_r
 .text.__sbprintf
                0x08008cfc       0x80 e:/stm/gcc-arm-none-eabi-10.3-2021.10-win32/gcc-arm-none-eabi-10.3-2021.10/bin/../lib/gcc/arm-none-eabi/10.3.1/../../../../arm-none-eabi/lib/thumb/v7e-m/nofp\libg.a(lib_a-vfprintf.o)
 .text.__swsetup_r
                0x08008d7c       0xd4 e:/stm/gcc-arm-none-eabi-10.3-2021.10-win32/gcc-arm-none-eabi-10.3-2021.10/bin/../lib/gcc/arm-none-eabi/10.3.1/../../../../arm-none-eabi/lib/thumb/v7e-m/nofp\libg.a(lib_a-wsetup.o)
                0x08008d7c                __swsetup_r
 .text.startup.register_fini
                0x08008e50       0x14 e:/stm/gcc-arm-none-eabi-10.3-2021.10-win32/gcc-arm-none-eabi-10.3-2021.10/bin/../lib/gcc/arm-none-eabi/10.3.1/../../../../arm-none-eabi/lib/thumb/v7e-m/nofp\libg.a(lib_a-__call_atexit.o)
 .text.atexit   0x08008e64        0xc e:/stm/gcc-arm-none-eabi-10.3-2021.10-win32/gcc-arm-none-eabi-10.3-2021.10/bin/../lib/gcc/arm-none-eabi/10.3.1/../../../../arm-none-eabi/lib/thumb/v7e-m/nofp\libg.a(lib_a-atexit.o)
                0x08008e64                atexit
 .text.quorem   0x08008e70      0x124 e:/stm/gcc-arm-none-eabi-10.3-2021.10-win32/gcc-arm-none-eabi-10.3-2021.10/bin/../lib/gcc/arm-none-eabi/10.3.1/../../../../arm-none-eabi/lib/thumb/v7e-m/nofp\libg.a(lib_a-dtoa.o)
 *fill*         0x08008f94        0x4 
 .text._dtoa_r  0x08008f98      0xec4 e:/stm/gcc-arm-none-eabi-10.3-2021.10-win32/gcc-arm-none-eabi-10.3-2021.10/bin/../lib/gcc/arm-none-eabi/10.3.1/../../../../arm-none-eabi/lib/thumb/v7e-m/nofp\libg.a(lib_a-dtoa.o)
                0x08008f98                _dtoa_r
 .text.__sflush_r
                0x08009e5c      0x120 e:/stm/gcc-arm-none-eabi-10.3-2021.10-win32/gcc-arm-none-eabi-10.3-2021.10/bin/../lib/gcc/arm-none-eabi/10.3.1/../../../../arm-none-eabi/lib/thumb/v7e-m/nofp\libg.a(lib_a-fflush.o)
                0x08009e5c                __sflush_r
 .text._fflush_r
                0x08009f7c       0x5c e:/stm/gcc-arm-none-eabi-10.3-2021.10-win32/gcc-arm-none-eabi-10.3-2021.10/bin/../lib/gcc/arm-none-eabi/10.3.1/../../../../arm-none-eabi/lib/thumb/v7e-m/nofp\libg.a(lib_a-fflush.o)
                0x08009f7c                _fflush_r
 .text._cleanup_r
                0x08009fd8        0xc e:/stm/gcc-arm-none-eabi-10.3-2021.10-win32/gcc-arm-none-eabi-10.3-2021.10/bin/../lib/gcc/arm-none-eabi/10.3.1/../../../../arm-none-eabi/lib/thumb/v7e-m/nofp\libg.a(lib_a-findfp.o)
                0x08009fd8                _cleanup_r
 .text.__sinit  0x08009fe4      0x10c e:/stm/gcc-arm-none-eabi-10.3-2021.10-win32/gcc-arm-none-eabi-10.3-2021.10/bin/../lib/gcc/arm-none-eabi/10.3.1/../../../../arm-none-eabi/lib/thumb/v7e-m/nofp\libg.a(lib_a-findfp.o)
                0x08009fe4                __sinit
 .text.__sfp_lock_acquire
                0x0800a0f0        0xc e:/stm/gcc-arm-none-eabi-10.3-2021.10-win32/gcc-arm-none-eabi-10.3-2021.10/bin/../lib/gcc/arm-none-eabi/10.3.1/../../../../arm-none-eabi/lib/thumb/v7e-m/nofp\libg.a(lib_a-findfp.o)
                0x0800a0f0                __sfp_lock_acquire
 .text.__sfp_lock_release
                0x0800a0fc        0xc e:/stm/gcc-arm-none-eabi-10.3-2021.10-win32/gcc-arm-none-eabi-10.3-2021.10/bin/../lib/gcc/arm-none-eabi/10.3.1/../../../../arm-none-eabi/lib/thumb/v7e-m/nofp\libg.a(lib_a-findfp.o)
                0x0800a0fc                __sfp_lock_release
 .text.__libc_fini_array
                0x0800a108       0x2c e:/stm/gcc-arm-none-eabi-10.3-2021.10-win32/gcc-arm-none-eabi-10.3-2021.10/bin/../lib/gcc/arm-none-eabi/10.3.1/../../../../arm-none-eabi/lib/thumb/v7e-m/nofp\libg.a(lib_a-fini.o)
                0x0800a108                __libc_fini_array
 .text._malloc_trim_r
                0x0800a134       0xa0 e:/stm/gcc-arm-none-eabi-10.3-2021.10-win32/gcc-arm-none-eabi-10.3-2021.10/bin/../lib/gcc/arm-none-eabi/10.3.1/../../../../arm-none-eabi/lib/thumb/v7e-m/nofp\libg.a(lib_a-freer.o)
                0x0800a134                _malloc_trim_r
 .text._free_r  0x0800a1d4      0x20c e:/stm/gcc-arm-none-eabi-10.3-2021.10-win32/gcc-arm-none-eabi-10.3-2021.10/bin/../lib/gcc/arm-none-eabi/10.3.1/../../../../arm-none-eabi/lib/thumb/v7e-m/nofp\libg.a(lib_a-freer.o)
                0x0800a1d4                _free_r
 .text.__sfvwrite_r
                0x0800a3e0      0x2e8 e:/stm/gcc-arm-none-eabi-10.3-2021.10-win32/gcc-arm-none-eabi-10.3-2021.10/bin/../lib/gcc/arm-none-eabi/10.3.1/../../../../arm-none-eabi/lib/thumb/v7e-m/nofp\libg.a(lib_a-fvwrite.o)
                0x0800a3e0                __sfvwrite_r
 .text._fwalk_reent
                0x0800a6c8       0x48 e:/stm/gcc-arm-none-eabi-10.3-2021.10-win32/gcc-arm-none-eabi-10.3-2021.10/bin/../lib/gcc/arm-none-eabi/10.3.1/../../../../arm-none-eabi/lib/thumb/v7e-m/nofp\libg.a(lib_a-fwalk.o)
                0x0800a6c8                _fwalk_reent
 .text._localeconv_r
                0x0800a710        0x8 e:/stm/gcc-arm-none-eabi-10.3-2021.10-win32/gcc-arm-none-eabi-10.3-2021.10/bin/../lib/gcc/arm-none-eabi/10.3.1/../../../../arm-none-eabi/lib/thumb/v7e-m/nofp\libg.a(lib_a-localeconv.o)
                0x0800a710                _localeconv_r
 .text.__retarget_lock_init_recursive
                0x0800a718        0x4 e:/stm/gcc-arm-none-eabi-10.3-2021.10-win32/gcc-arm-none-eabi-10.3-2021.10/bin/../lib/gcc/arm-none-eabi/10.3.1/../../../../arm-none-eabi/lib/thumb/v7e-m/nofp\libg.a(lib_a-lock.o)
                0x0800a718                __retarget_lock_init_recursive
 .text.__retarget_lock_close_recursive
                0x0800a71c        0x4 e:/stm/gcc-arm-none-eabi-10.3-2021.10-win32/gcc-arm-none-eabi-10.3-2021.10/bin/../lib/gcc/arm-none-eabi/10.3.1/../../../../arm-none-eabi/lib/thumb/v7e-m/nofp\libg.a(lib_a-lock.o)
                0x0800a71c                __retarget_lock_close_recursive
 .text.__retarget_lock_acquire_recursive
                0x0800a720        0x4 e:/stm/gcc-arm-none-eabi-10.3-2021.10-win32/gcc-arm-none-eabi-10.3-2021.10/bin/../lib/gcc/arm-none-eabi/10.3.1/../../../../arm-none-eabi/lib/thumb/v7e-m/nofp\libg.a(lib_a-lock.o)
                0x0800a720                __retarget_lock_acquire_recursive
 .text.__retarget_lock_release_recursive
                0x0800a724        0x4 e:/stm/gcc-arm-none-eabi-10.3-2021.10-win32/gcc-arm-none-eabi-10.3-2021.10/bin/../lib/gcc/arm-none-eabi/10.3.1/../../../../arm-none-eabi/lib/thumb/v7e-m/nofp\libg.a(lib_a-lock.o)
                0x0800a724                __retarget_lock_release_recursive
 .text.__smakebuf_r
                0x0800a728       0xe0 e:/stm/gcc-arm-none-eabi-10.3-2021.10-win32/gcc-arm-none-eabi-10.3-2021.10/bin/../lib/gcc/arm-none-eabi/10.3.1/../../../../arm-none-eabi/lib/thumb/v7e-m/nofp\libg.a(lib_a-makebuf.o)
                0x0800a728                __smakebuf_r
 .text._malloc_r
                0x0800a808      0x560 e:/stm/gcc-arm-none-eabi-10.3-2021.10-win32/gcc-arm-none-eabi-10.3-2021.10/bin/../lib/gcc/arm-none-eabi/10.3.1/../../../../arm-none-eabi/lib/thumb/v7e-m/nofp\libg.a(lib_a-mallocr.o)
                0x0800a808                _malloc_r
 .text.memmove  0x0800ad68       0xf8 e:/stm/gcc-arm-none-eabi-10.3-2021.10-win32/gcc-arm-none-eabi-10.3-2021.10/bin/../lib/gcc/arm-none-eabi/10.3.1/../../../../arm-none-eabi/lib/thumb/v7e-m/nofp\libg.a(lib_a-memmove.o)
                0x0800ad68                memmove
 .text.__malloc_lock
                0x0800ae60        0xc e:/stm/gcc-arm-none-eabi-10.3-2021.10-win32/gcc-arm-none-eabi-10.3-2021.10/bin/../lib/gcc/arm-none-eabi/10.3.1/../../../../arm-none-eabi/lib/thumb/v7e-m/nofp\libg.a(lib_a-mlock.o)
                0x0800ae60                __malloc_lock
 .text.__malloc_unlock
                0x0800ae6c        0xc e:/stm/gcc-arm-none-eabi-10.3-2021.10-win32/gcc-arm-none-eabi-10.3-2021.10/bin/../lib/gcc/arm-none-eabi/10.3.1/../../../../arm-none-eabi/lib/thumb/v7e-m/nofp\libg.a(lib_a-mlock.o)
                0x0800ae6c                __malloc_unlock
 .text._Balloc  0x0800ae78       0x4c e:/stm/gcc-arm-none-eabi-10.3-2021.10-win32/gcc-arm-none-eabi-10.3-2021.10/bin/../lib/gcc/arm-none-eabi/10.3.1/../../../../arm-none-eabi/lib/thumb/v7e-m/nofp\libg.a(lib_a-mprec.o)
                0x0800ae78                _Balloc
 .text._Bfree   0x0800aec4       0x14 e:/stm/gcc-arm-none-eabi-10.3-2021.10-win32/gcc-arm-none-eabi-10.3-2021.10/bin/../lib/gcc/arm-none-eabi/10.3.1/../../../../arm-none-eabi/lib/thumb/v7e-m/nofp\libg.a(lib_a-mprec.o)
                0x0800aec4                _Bfree
 .text.__multadd
                0x0800aed8       0xa0 e:/stm/gcc-arm-none-eabi-10.3-2021.10-win32/gcc-arm-none-eabi-10.3-2021.10/bin/../lib/gcc/arm-none-eabi/10.3.1/../../../../arm-none-eabi/lib/thumb/v7e-m/nofp\libg.a(lib_a-mprec.o)
                0x0800aed8                __multadd
 .text.__hi0bits
                0x0800af78       0x40 e:/stm/gcc-arm-none-eabi-10.3-2021.10-win32/gcc-arm-none-eabi-10.3-2021.10/bin/../lib/gcc/arm-none-eabi/10.3.1/../../../../arm-none-eabi/lib/thumb/v7e-m/nofp\libg.a(lib_a-mprec.o)
                0x0800af78                __hi0bits
 .text.__lo0bits
                0x0800afb8       0x5c e:/stm/gcc-arm-none-eabi-10.3-2021.10-win32/gcc-arm-none-eabi-10.3-2021.10/bin/../lib/gcc/arm-none-eabi/10.3.1/../../../../arm-none-eabi/lib/thumb/v7e-m/nofp\libg.a(lib_a-mprec.o)
                0x0800afb8                __lo0bits
 .text.__i2b    0x0800b014       0x5c e:/stm/gcc-arm-none-eabi-10.3-2021.10-win32/gcc-arm-none-eabi-10.3-2021.10/bin/../lib/gcc/arm-none-eabi/10.3.1/../../../../arm-none-eabi/lib/thumb/v7e-m/nofp\libg.a(lib_a-mprec.o)
                0x0800b014                __i2b
 .text.__multiply
                0x0800b070      0x15c e:/stm/gcc-arm-none-eabi-10.3-2021.10-win32/gcc-arm-none-eabi-10.3-2021.10/bin/../lib/gcc/arm-none-eabi/10.3.1/../../../../arm-none-eabi/lib/thumb/v7e-m/nofp\libg.a(lib_a-mprec.o)
                0x0800b070                __multiply
 .text.__pow5mult
                0x0800b1cc       0xc0 e:/stm/gcc-arm-none-eabi-10.3-2021.10-win32/gcc-arm-none-eabi-10.3-2021.10/bin/../lib/gcc/arm-none-eabi/10.3.1/../../../../arm-none-eabi/lib/thumb/v7e-m/nofp\libg.a(lib_a-mprec.o)
                0x0800b1cc                __pow5mult
 .text.__lshift
                0x0800b28c       0xf0 e:/stm/gcc-arm-none-eabi-10.3-2021.10-win32/gcc-arm-none-eabi-10.3-2021.10/bin/../lib/gcc/arm-none-eabi/10.3.1/../../../../arm-none-eabi/lib/thumb/v7e-m/nofp\libg.a(lib_a-mprec.o)
                0x0800b28c                __lshift
 .text.__mcmp   0x0800b37c       0x40 e:/stm/gcc-arm-none-eabi-10.3-2021.10-win32/gcc-arm-none-eabi-10.3-2021.10/bin/../lib/gcc/arm-none-eabi/10.3.1/../../../../arm-none-eabi/lib/thumb/v7e-m/nofp\libg.a(lib_a-mprec.o)
                0x0800b37c                __mcmp
 .text.__mdiff  0x0800b3bc      0x14c e:/stm/gcc-arm-none-eabi-10.3-2021.10-win32/gcc-arm-none-eabi-10.3-2021.10/bin/../lib/gcc/arm-none-eabi/10.3.1/../../../../arm-none-eabi/lib/thumb/v7e-m/nofp\libg.a(lib_a-mprec.o)
                0x0800b3bc                __mdiff
 .text.__d2b    0x0800b508       0xc4 e:/stm/gcc-arm-none-eabi-10.3-2021.10-win32/gcc-arm-none-eabi-10.3-2021.10/bin/../lib/gcc/arm-none-eabi/10.3.1/../../../../arm-none-eabi/lib/thumb/v7e-m/nofp\libg.a(lib_a-mprec.o)
                0x0800b508                __d2b
 .text._realloc_r
                0x0800b5cc      0x3d8 e:/stm/gcc-arm-none-eabi-10.3-2021.10-win32/gcc-arm-none-eabi-10.3-2021.10/bin/../lib/gcc/arm-none-eabi/10.3.1/../../../../arm-none-eabi/lib/thumb/v7e-m/nofp\libg.a(lib_a-reallocr.o)
                0x0800b5cc                _realloc_r
 .text.frexp    0x0800b9a4       0x70 e:/stm/gcc-arm-none-eabi-10.3-2021.10-win32/gcc-arm-none-eabi-10.3-2021.10/bin/../lib/gcc/arm-none-eabi/10.3.1/../../../../arm-none-eabi/lib/thumb/v7e-m/nofp\libg.a(lib_a-s_frexp.o)
                0x0800b9a4                frexp
 .text._sbrk_r  0x0800ba14       0x24 e:/stm/gcc-arm-none-eabi-10.3-2021.10-win32/gcc-arm-none-eabi-10.3-2021.10/bin/../lib/gcc/arm-none-eabi/10.3.1/../../../../arm-none-eabi/lib/thumb/v7e-m/nofp\libg.a(lib_a-sbrkr.o)
                0x0800ba14                _sbrk_r
 .text.__sread  0x0800ba38       0x24 e:/stm/gcc-arm-none-eabi-10.3-2021.10-win32/gcc-arm-none-eabi-10.3-2021.10/bin/../lib/gcc/arm-none-eabi/10.3.1/../../../../arm-none-eabi/lib/thumb/v7e-m/nofp\libg.a(lib_a-stdio.o)
                0x0800ba38                __sread
 .text.__swrite
                0x0800ba5c       0x40 e:/stm/gcc-arm-none-eabi-10.3-2021.10-win32/gcc-arm-none-eabi-10.3-2021.10/bin/../lib/gcc/arm-none-eabi/10.3.1/../../../../arm-none-eabi/lib/thumb/v7e-m/nofp\libg.a(lib_a-stdio.o)
                0x0800ba5c                __swrite
 .text.__sseek  0x0800ba9c       0x20 e:/stm/gcc-arm-none-eabi-10.3-2021.10-win32/gcc-arm-none-eabi-10.3-2021.10/bin/../lib/gcc/arm-none-eabi/10.3.1/../../../../arm-none-eabi/lib/thumb/v7e-m/nofp\libg.a(lib_a-stdio.o)
                0x0800ba9c                __sseek
 .text.__sclose
                0x0800babc        0x8 e:/stm/gcc-arm-none-eabi-10.3-2021.10-win32/gcc-arm-none-eabi-10.3-2021.10/bin/../lib/gcc/arm-none-eabi/10.3.1/../../../../arm-none-eabi/lib/thumb/v7e-m/nofp\libg.a(lib_a-stdio.o)
                0x0800babc                __sclose
 .text.strncpy  0x0800bac4       0x64 e:/stm/gcc-arm-none-eabi-10.3-2021.10-win32/gcc-arm-none-eabi-10.3-2021.10/bin/../lib/gcc/arm-none-eabi/10.3.1/../../../../arm-none-eabi/lib/thumb/v7e-m/nofp\libg.a(lib_a-strncpy.o)
                0x0800bac4                strncpy
 .text.__sprint_r.part.0
                0x0800bb28       0x78 e:/stm/gcc-arm-none-eabi-10.3-2021.10-win32/gcc-arm-none-eabi-10.3-2021.10/bin/../lib/gcc/arm-none-eabi/10.3.1/../../../../arm-none-eabi/lib/thumb/v7e-m/nofp\libg.a(lib_a-vfiprintf.o)
 .text.__sprint_r
                0x0800bba0       0x14 e:/stm/gcc-arm-none-eabi-10.3-2021.10-win32/gcc-arm-none-eabi-10.3-2021.10/bin/../lib/gcc/arm-none-eabi/10.3.1/../../../../arm-none-eabi/lib/thumb/v7e-m/nofp\libg.a(lib_a-vfiprintf.o)
                0x0800bba0                __sprint_r
 .text._vfiprintf_r
                0x0800bbb4      0xda0 e:/stm/gcc-arm-none-eabi-10.3-2021.10-win32/gcc-arm-none-eabi-10.3-2021.10/bin/../lib/gcc/arm-none-eabi/10.3.1/../../../../arm-none-eabi/lib/thumb/v7e-m/nofp\libg.a(lib_a-vfiprintf.o)
                0x0800bbb4                _vfiprintf_r
 .text.__sbprintf
                0x0800c954       0x80 e:/stm/gcc-arm-none-eabi-10.3-2021.10-win32/gcc-arm-none-eabi-10.3-2021.10/bin/../lib/gcc/arm-none-eabi/10.3.1/../../../../arm-none-eabi/lib/thumb/v7e-m/nofp\libg.a(lib_a-vfiprintf.o)
 .text._write_r
                0x0800c9d4       0x2c e:/stm/gcc-arm-none-eabi-10.3-2021.10-win32/gcc-arm-none-eabi-10.3-2021.10/bin/../lib/gcc/arm-none-eabi/10.3.1/../../../../arm-none-eabi/lib/thumb/v7e-m/nofp\libg.a(lib_a-writer.o)
                0x0800c9d4                _write_r
 .text.__register_exitproc
                0x0800ca00       0x8c e:/stm/gcc-arm-none-eabi-10.3-2021.10-win32/gcc-arm-none-eabi-10.3-2021.10/bin/../lib/gcc/arm-none-eabi/10.3.1/../../../../arm-none-eabi/lib/thumb/v7e-m/nofp\libg.a(lib_a-__atexit.o)
                0x0800ca00                __register_exitproc
 .text.__assert_func
                0x0800ca8c       0x40 e:/stm/gcc-arm-none-eabi-10.3-2021.10-win32/gcc-arm-none-eabi-10.3-2021.10/bin/../lib/gcc/arm-none-eabi/10.3.1/../../../../arm-none-eabi/lib/thumb/v7e-m/nofp\libg.a(lib_a-assert.o)
                0x0800ca8c                __assert_func
 .text._calloc_r
                0x0800cacc       0x78 e:/stm/gcc-arm-none-eabi-10.3-2021.10-win32/gcc-arm-none-eabi-10.3-2021.10/bin/../lib/gcc/arm-none-eabi/10.3.1/../../../../arm-none-eabi/lib/thumb/v7e-m/nofp\libg.a(lib_a-callocr.o)
                0x0800cacc                _calloc_r
 .text._close_r
                0x0800cb44       0x24 e:/stm/gcc-arm-none-eabi-10.3-2021.10-win32/gcc-arm-none-eabi-10.3-2021.10/bin/../lib/gcc/arm-none-eabi/10.3.1/../../../../arm-none-eabi/lib/thumb/v7e-m/nofp\libg.a(lib_a-closer.o)
                0x0800cb44                _close_r
 .text._fclose_r
                0x0800cb68       0xcc e:/stm/gcc-arm-none-eabi-10.3-2021.10-win32/gcc-arm-none-eabi-10.3-2021.10/bin/../lib/gcc/arm-none-eabi/10.3.1/../../../../arm-none-eabi/lib/thumb/v7e-m/nofp\libg.a(lib_a-fclose.o)
                0x0800cb68                _fclose_r
 .text.fiprintf
                0x0800cc34       0x28 e:/stm/gcc-arm-none-eabi-10.3-2021.10-win32/gcc-arm-none-eabi-10.3-2021.10/bin/../lib/gcc/arm-none-eabi/10.3.1/../../../../arm-none-eabi/lib/thumb/v7e-m/nofp\libg.a(lib_a-fiprintf.o)
                0x0800cc34                fiprintf
 .text.__fputwc
                0x0800cc5c       0xa8 e:/stm/gcc-arm-none-eabi-10.3-2021.10-win32/gcc-arm-none-eabi-10.3-2021.10/bin/../lib/gcc/arm-none-eabi/10.3.1/../../../../arm-none-eabi/lib/thumb/v7e-m/nofp\libg.a(lib_a-fputwc.o)
                0x0800cc5c                __fputwc
 .text._fputwc_r
                0x0800cd04       0x68 e:/stm/gcc-arm-none-eabi-10.3-2021.10-win32/gcc-arm-none-eabi-10.3-2021.10/bin/../lib/gcc/arm-none-eabi/10.3.1/../../../../arm-none-eabi/lib/thumb/v7e-m/nofp\libg.a(lib_a-fputwc.o)
                0x0800cd04                _fputwc_r
 .text._fstat_r
                0x0800cd6c       0x2c e:/stm/gcc-arm-none-eabi-10.3-2021.10-win32/gcc-arm-none-eabi-10.3-2021.10/bin/../lib/gcc/arm-none-eabi/10.3.1/../../../../arm-none-eabi/lib/thumb/v7e-m/nofp\libg.a(lib_a-fstatr.o)
                0x0800cd6c                _fstat_r
 .text._isatty_r
                0x0800cd98       0x24 e:/stm/gcc-arm-none-eabi-10.3-2021.10-win32/gcc-arm-none-eabi-10.3-2021.10/bin/../lib/gcc/arm-none-eabi/10.3.1/../../../../arm-none-eabi/lib/thumb/v7e-m/nofp\libg.a(lib_a-isattyr.o)
                0x0800cd98                _isatty_r
 .text.__locale_mb_cur_max
                0x0800cdbc        0xc e:/stm/gcc-arm-none-eabi-10.3-2021.10-win32/gcc-arm-none-eabi-10.3-2021.10/bin/../lib/gcc/arm-none-eabi/10.3.1/../../../../arm-none-eabi/lib/thumb/v7e-m/nofp\libg.a(lib_a-locale.o)
                0x0800cdbc                __locale_mb_cur_max
 .text._lseek_r
                0x0800cdc8       0x2c e:/stm/gcc-arm-none-eabi-10.3-2021.10-win32/gcc-arm-none-eabi-10.3-2021.10/bin/../lib/gcc/arm-none-eabi/10.3.1/../../../../arm-none-eabi/lib/thumb/v7e-m/nofp\libg.a(lib_a-lseekr.o)
                0x0800cdc8                _lseek_r
 .text.__ascii_mbtowc
                0x0800cdf4       0x2c e:/stm/gcc-arm-none-eabi-10.3-2021.10-win32/gcc-arm-none-eabi-10.3-2021.10/bin/../lib/gcc/arm-none-eabi/10.3.1/../../../../arm-none-eabi/lib/thumb/v7e-m/nofp\libg.a(lib_a-mbtowc_r.o)
                0x0800cdf4                __ascii_mbtowc
 .text._read_r  0x0800ce20       0x2c e:/stm/gcc-arm-none-eabi-10.3-2021.10-win32/gcc-arm-none-eabi-10.3-2021.10/bin/../lib/gcc/arm-none-eabi/10.3.1/../../../../arm-none-eabi/lib/thumb/v7e-m/nofp\libg.a(lib_a-readr.o)
                0x0800ce20                _read_r
 .text.__swbuf_r
                0x0800ce4c       0xb0 e:/stm/gcc-arm-none-eabi-10.3-2021.10-win32/gcc-arm-none-eabi-10.3-2021.10/bin/../lib/gcc/arm-none-eabi/10.3.1/../../../../arm-none-eabi/lib/thumb/v7e-m/nofp\libg.a(lib_a-wbuf.o)
                0x0800ce4c                __swbuf_r
 .text._wcrtomb_r
                0x0800cefc       0x3c e:/stm/gcc-arm-none-eabi-10.3-2021.10-win32/gcc-arm-none-eabi-10.3-2021.10/bin/../lib/gcc/arm-none-eabi/10.3.1/../../../../arm-none-eabi/lib/thumb/v7e-m/nofp\libg.a(lib_a-wcrtomb.o)
                0x0800cefc                _wcrtomb_r
 .text.__ascii_wctomb
                0x0800cf38       0x1c e:/stm/gcc-arm-none-eabi-10.3-2021.10-win32/gcc-arm-none-eabi-10.3-2021.10/bin/../lib/gcc/arm-none-eabi/10.3.1/../../../../arm-none-eabi/lib/thumb/v7e-m/nofp\libg.a(lib_a-wctomb_r.o)
                0x0800cf38                __ascii_wctomb
 .text.abort    0x0800cf54       0x10 e:/stm/gcc-arm-none-eabi-10.3-2021.10-win32/gcc-arm-none-eabi-10.3-2021.10/bin/../lib/gcc/arm-none-eabi/10.3.1/../../../../arm-none-eabi/lib/thumb/v7e-m/nofp\libg.a(lib_a-abort.o)
                0x0800cf54                abort
 .text.raise    0x0800cf64       0x5c e:/stm/gcc-arm-none-eabi-10.3-2021.10-win32/gcc-arm-none-eabi-10.3-2021.10/bin/../lib/gcc/arm-none-eabi/10.3.1/../../../../arm-none-eabi/lib/thumb/v7e-m/nofp\libg.a(lib_a-signal.o)
                0x0800cf64                raise
 .text._kill_r  0x0800cfc0       0x2c e:/stm/gcc-arm-none-eabi-10.3-2021.10-win32/gcc-arm-none-eabi-10.3-2021.10/bin/../lib/gcc/arm-none-eabi/10.3.1/../../../../arm-none-eabi/lib/thumb/v7e-m/nofp\libg.a(lib_a-signalr.o)
                0x0800cfc0                _kill_r
 .text._getpid_r
                0x0800cfec        0x4 e:/stm/gcc-arm-none-eabi-10.3-2021.10-win32/gcc-arm-none-eabi-10.3-2021.10/bin/../lib/gcc/arm-none-eabi/10.3.1/../../../../arm-none-eabi/lib/thumb/v7e-m/nofp\libg.a(lib_a-signalr.o)
                0x0800cfec                _getpid_r
 *(.glue_7)
 .glue_7        0x0800cff0        0x0 linker stubs
 *(.glue_7t)
 .glue_7t       0x0800cff0        0x0 linker stubs
 *(.eh_frame)
 .eh_frame      0x0800cff0        0x0 e:/stm/gcc-arm-none-eabi-10.3-2021.10-win32/gcc-arm-none-eabi-10.3-2021.10/bin/../lib/gcc/arm-none-eabi/10.3.1/thumb/v7e-m/nofp/crtbegin.o
 *(.init)
 .init          0x0800cff0        0x4 e:/stm/gcc-arm-none-eabi-10.3-2021.10-win32/gcc-arm-none-eabi-10.3-2021.10/bin/../lib/gcc/arm-none-eabi/10.3.1/thumb/v7e-m/nofp/crti.o
                0x0800cff0                _init
 .init          0x0800cff4        0x8 e:/stm/gcc-arm-none-eabi-10.3-2021.10-win32/gcc-arm-none-eabi-10.3-2021.10/bin/../lib/gcc/arm-none-eabi/10.3.1/thumb/v7e-m/nofp/crtn.o
 *(.fini)
 .fini          0x0800cffc        0x4 e:/stm/gcc-arm-none-eabi-10.3-2021.10-win32/gcc-arm-none-eabi-10.3-2021.10/bin/../lib/gcc/arm-none-eabi/10.3.1/thumb/v7e-m/nofp/crti.o
                0x0800cffc                _fini
 .fini          0x0800d000        0x8 e:/stm/gcc-arm-none-eabi-10.3-2021.10-win32/gcc-arm-none-eabi-10.3-2021.10/bin/../lib/gcc/arm-none-eabi/10.3.1/thumb/v7e-m/nofp/crtn.o
                0x0800d008                . = ALIGN (0x4)
                0x0800d008                _etext = .

.vfp11_veneer   0x0800d008        0x0
 .vfp11_veneer  0x0800d008        0x0 linker stubs

.v4_bx          0x0800d008        0x0
 .v4_bx         0x0800d008        0x0 linker stubs

.iplt           0x0800d008        0x0
 .iplt          0x0800d008        0x0 e:/stm/gcc-arm-none-eabi-10.3-2021.10-win32/gcc-arm-none-eabi-10.3-2021.10/bin/../lib/gcc/arm-none-eabi/10.3.1/thumb/v7e-m/nofp/crtbegin.o

.rodata         0x0800d008      0x5b8
                0x0800d008                . = ALIGN (0x4)
 *(.rodata)
 .rodata        0x0800d008       0x4c CMakeFiles/stm32pg.elf.dir/Drivers/STM32H7xx_HAL_Driver/Src/stm32h7xx_hal_fdcan.c.obj
 *(.rodata*)
 .rodata.dif_fluoresent_seed.str1.4
                0x0800d054       0x2d CMakeFiles/stm32pg.elf.dir/Core/Src/main.c.obj
 *fill*         0x0800d081        0x3 
 .rodata.HAL_GPIO_EXTI_Callback.str1.4
                0x0800d084       0x4c CMakeFiles/stm32pg.elf.dir/Core/Src/main.c.obj
 .rodata.HAL_UART_RxCpltCallback.str1.4
                0x0800d0d0       0x2a CMakeFiles/stm32pg.elf.dir/Core/Src/main.c.obj
 *fill*         0x0800d0fa        0x2 
 .rodata.main.str1.4
                0x0800d0fc       0x2c CMakeFiles/stm32pg.elf.dir/Core/Src/main.c.obj
 .rodata.HAL_FDCAN_RxFifo0Callback.str1.4
                0x0800d128       0x4d CMakeFiles/stm32pg.elf.dir/Core/Src/main.c.obj
 *fill*         0x0800d175        0x3 
 .rodata.D1CorePrescTable
                0x0800d178       0x10 CMakeFiles/stm32pg.elf.dir/Core/Src/system_stm32h7xx.c.obj
                0x0800d178                D1CorePrescTable
 .rodata.DLCtoBytes
                0x0800d188       0x10 CMakeFiles/stm32pg.elf.dir/Drivers/STM32H7xx_HAL_Driver/Src/stm32h7xx_hal_fdcan.c.obj
 .rodata.UARTPrescTable
                0x0800d198       0x18 CMakeFiles/stm32pg.elf.dir/Drivers/STM32H7xx_HAL_Driver/Src/stm32h7xx_hal_uart.c.obj
                0x0800d198                UARTPrescTable
 .rodata.denominator.0
                0x0800d1b0        0x8 CMakeFiles/stm32pg.elf.dir/Drivers/STM32H7xx_HAL_Driver/Src/stm32h7xx_hal_uart_ex.c.obj
 .rodata.numerator.1
                0x0800d1b8        0x8 CMakeFiles/stm32pg.elf.dir/Drivers/STM32H7xx_HAL_Driver/Src/stm32h7xx_hal_uart_ex.c.obj
 .rodata._global_impure_ptr
                0x0800d1c0        0x4 e:/stm/gcc-arm-none-eabi-10.3-2021.10-win32/gcc-arm-none-eabi-10.3-2021.10/bin/../lib/gcc/arm-none-eabi/10.3.1/../../../../arm-none-eabi/lib/thumb/v7e-m/nofp\libg.a(lib_a-impure.o)
                0x0800d1c0                _global_impure_ptr
 .rodata._puts_r.str1.4
                0x0800d1c4       0x4d e:/stm/gcc-arm-none-eabi-10.3-2021.10-win32/gcc-arm-none-eabi-10.3-2021.10/bin/../lib/gcc/arm-none-eabi/10.3.1/../../../../arm-none-eabi/lib/thumb/v7e-m/nofp\libg.a(lib_a-puts.o)
                                  0x2 (size before relaxing)
 .rodata._vfprintf_r.str1.4
                0x0800d1c4       0x42 e:/stm/gcc-arm-none-eabi-10.3-2021.10-win32/gcc-arm-none-eabi-10.3-2021.10/bin/../lib/gcc/arm-none-eabi/10.3.1/../../../../arm-none-eabi/lib/thumb/v7e-m/nofp\libg.a(lib_a-vfprintf.o)
 *fill*         0x0800d206        0x2 
 .rodata.blanks.1
                0x0800d208       0x10 e:/stm/gcc-arm-none-eabi-10.3-2021.10-win32/gcc-arm-none-eabi-10.3-2021.10/bin/../lib/gcc/arm-none-eabi/10.3.1/../../../../arm-none-eabi/lib/thumb/v7e-m/nofp\libg.a(lib_a-vfprintf.o)
 .rodata.zeroes.0
                0x0800d218       0x10 e:/stm/gcc-arm-none-eabi-10.3-2021.10-win32/gcc-arm-none-eabi-10.3-2021.10/bin/../lib/gcc/arm-none-eabi/10.3.1/../../../../arm-none-eabi/lib/thumb/v7e-m/nofp\libg.a(lib_a-vfprintf.o)
 .rodata._dtoa_r.str1.4
                0x0800d228       0xa2 e:/stm/gcc-arm-none-eabi-10.3-2021.10-win32/gcc-arm-none-eabi-10.3-2021.10/bin/../lib/gcc/arm-none-eabi/10.3.1/../../../../arm-none-eabi/lib/thumb/v7e-m/nofp\libg.a(lib_a-dtoa.o)
                                 0xa6 (size before relaxing)
 *fill*         0x0800d2ca        0x2 
 .rodata.__multadd.str1.4
                0x0800d2cc       0x7f e:/stm/gcc-arm-none-eabi-10.3-2021.10-win32/gcc-arm-none-eabi-10.3-2021.10/bin/../lib/gcc/arm-none-eabi/10.3.1/../../../../arm-none-eabi/lib/thumb/v7e-m/nofp\libg.a(lib_a-mprec.o)
                                 0x93 (size before relaxing)
 *fill*         0x0800d34b        0x5 
 .rodata.__mprec_bigtens
                0x0800d350       0x28 e:/stm/gcc-arm-none-eabi-10.3-2021.10-win32/gcc-arm-none-eabi-10.3-2021.10/bin/../lib/gcc/arm-none-eabi/10.3.1/../../../../arm-none-eabi/lib/thumb/v7e-m/nofp\libg.a(lib_a-mprec.o)
                0x0800d350                __mprec_bigtens
 .rodata.__mprec_tens
                0x0800d378       0xc8 e:/stm/gcc-arm-none-eabi-10.3-2021.10-win32/gcc-arm-none-eabi-10.3-2021.10/bin/../lib/gcc/arm-none-eabi/10.3.1/../../../../arm-none-eabi/lib/thumb/v7e-m/nofp\libg.a(lib_a-mprec.o)
                0x0800d378                __mprec_tens
 .rodata.p05.0  0x0800d440        0xc e:/stm/gcc-arm-none-eabi-10.3-2021.10-win32/gcc-arm-none-eabi-10.3-2021.10/bin/../lib/gcc/arm-none-eabi/10.3.1/../../../../arm-none-eabi/lib/thumb/v7e-m/nofp\libg.a(lib_a-mprec.o)
 .rodata._vfiprintf_r.str1.4
                0x0800d44c       0x2f e:/stm/gcc-arm-none-eabi-10.3-2021.10-win32/gcc-arm-none-eabi-10.3-2021.10/bin/../lib/gcc/arm-none-eabi/10.3.1/../../../../arm-none-eabi/lib/thumb/v7e-m/nofp\libg.a(lib_a-vfiprintf.o)
 .rodata.blanks.1
                0x0800d44c       0x10 e:/stm/gcc-arm-none-eabi-10.3-2021.10-win32/gcc-arm-none-eabi-10.3-2021.10/bin/../lib/gcc/arm-none-eabi/10.3.1/../../../../arm-none-eabi/lib/thumb/v7e-m/nofp\libg.a(lib_a-vfiprintf.o)
 .rodata.zeroes.0
                0x0800d45c       0x10 e:/stm/gcc-arm-none-eabi-10.3-2021.10-win32/gcc-arm-none-eabi-10.3-2021.10/bin/../lib/gcc/arm-none-eabi/10.3.1/../../../../arm-none-eabi/lib/thumb/v7e-m/nofp\libg.a(lib_a-vfiprintf.o)
 .rodata.__assert_func.str1.4
                0x0800d46c       0x3f e:/stm/gcc-arm-none-eabi-10.3-2021.10-win32/gcc-arm-none-eabi-10.3-2021.10/bin/../lib/gcc/arm-none-eabi/10.3.1/../../../../arm-none-eabi/lib/thumb/v7e-m/nofp\libg.a(lib_a-assert.o)
                                 0x43 (size before relaxing)
 *fill*         0x0800d4ab        0x1 
 .rodata._setlocale_r.str1.4
                0x0800d4ac        0xa e:/stm/gcc-arm-none-eabi-10.3-2021.10-win32/gcc-arm-none-eabi-10.3-2021.10/bin/../lib/gcc/arm-none-eabi/10.3.1/../../../../arm-none-eabi/lib/thumb/v7e-m/nofp\libg.a(lib_a-locale.o)
                                  0xd (size before relaxing)
 *fill*         0x0800d4b6        0x2 
 .rodata.str1.4
                0x0800d4b8        0x2 e:/stm/gcc-arm-none-eabi-10.3-2021.10-win32/gcc-arm-none-eabi-10.3-2021.10/bin/../lib/gcc/arm-none-eabi/10.3.1/../../../../arm-none-eabi/lib/thumb/v7e-m/nofp\libg.a(lib_a-locale.o)
 *fill*         0x0800d4ba        0x2 
 .rodata._ctype_
                0x0800d4bc      0x101 e:/stm/gcc-arm-none-eabi-10.3-2021.10-win32/gcc-arm-none-eabi-10.3-2021.10/bin/../lib/gcc/arm-none-eabi/10.3.1/../../../../arm-none-eabi/lib/thumb/v7e-m/nofp\libg.a(lib_a-ctype_.o)
                0x0800d4bc                _ctype_
                0x0800d5c0                . = ALIGN (0x4)
 *fill*         0x0800d5bd        0x3 

.ARM.extab
 *(.ARM.extab* .gnu.linkonce.armextab.*)

.ARM            0x0800d5c0        0x8
                0x0800d5c0                __exidx_start = .
 *(.ARM.exidx*)
 .ARM.exidx     0x0800d5c0        0x8 e:/stm/gcc-arm-none-eabi-10.3-2021.10-win32/gcc-arm-none-eabi-10.3-2021.10/bin/../lib/gcc/arm-none-eabi/10.3.1/thumb/v7e-m/nofp\libgcc.a(_udivmoddi4.o)
                0x0800d5c8                __exidx_end = .

.rel.dyn        0x0800d5c8        0x0
 .rel.iplt      0x0800d5c8        0x0 e:/stm/gcc-arm-none-eabi-10.3-2021.10-win32/gcc-arm-none-eabi-10.3-2021.10/bin/../lib/gcc/arm-none-eabi/10.3.1/thumb/v7e-m/nofp/crtbegin.o

.preinit_array  0x0800d5c8        0x0
                0x0800d5c8                PROVIDE (__preinit_array_start = .)
 *(.preinit_array*)
                0x0800d5c8                PROVIDE (__preinit_array_end = .)

.init_array     0x0800d5c8        0x8
                0x0800d5c8                PROVIDE (__init_array_start = .)
 *(SORT_BY_NAME(.init_array.*))
 .init_array.00000
                0x0800d5c8        0x4 e:/stm/gcc-arm-none-eabi-10.3-2021.10-win32/gcc-arm-none-eabi-10.3-2021.10/bin/../lib/gcc/arm-none-eabi/10.3.1/../../../../arm-none-eabi/lib/thumb/v7e-m/nofp\libg.a(lib_a-__call_atexit.o)
 *(.init_array*)
 .init_array    0x0800d5cc        0x4 e:/stm/gcc-arm-none-eabi-10.3-2021.10-win32/gcc-arm-none-eabi-10.3-2021.10/bin/../lib/gcc/arm-none-eabi/10.3.1/thumb/v7e-m/nofp/crtbegin.o
                0x0800d5d0                PROVIDE (__init_array_end = .)

.fini_array     0x0800d5d0        0x4
                0x0800d5d0                PROVIDE (__fini_array_start = .)
 *(SORT_BY_NAME(.fini_array.*))
 *(.fini_array*)
 .fini_array    0x0800d5d0        0x4 e:/stm/gcc-arm-none-eabi-10.3-2021.10-win32/gcc-arm-none-eabi-10.3-2021.10/bin/../lib/gcc/arm-none-eabi/10.3.1/thumb/v7e-m/nofp/crtbegin.o
                0x0800d5d4                PROVIDE (__fini_array_end = .)
                0x0800d5d4                _sidata = LOADADDR (.data)

.data           0x24000000      0x9c8 load address 0x0800d5d4
                0x24000000                . = ALIGN (0x4)
                0x24000000                _sdata = .
 *(.data)
 *(.data*)
 .data.pul_sta  0x24000000        0x1 CMakeFiles/stm32pg.elf.dir/Core/Src/main.c.obj
 *fill*         0x24000001        0x3 
 .data.set_speed
                0x24000004        0x4 CMakeFiles/stm32pg.elf.dir/Core/Src/main.c.obj
 .data.SystemCoreClock
                0x24000008        0x4 CMakeFiles/stm32pg.elf.dir/Core/Src/system_stm32h7xx.c.obj
                0x24000008                SystemCoreClock
 .data.SystemD2Clock
                0x2400000c        0x4 CMakeFiles/stm32pg.elf.dir/Core/Src/system_stm32h7xx.c.obj
                0x2400000c                SystemD2Clock
 .data.uwTickFreq
                0x24000010        0x1 CMakeFiles/stm32pg.elf.dir/Drivers/STM32H7xx_HAL_Driver/Src/stm32h7xx_hal.c.obj
                0x24000010                uwTickFreq
 *fill*         0x24000011        0x3 
 .data.uwTickPrio
                0x24000014        0x4 CMakeFiles/stm32pg.elf.dir/Drivers/STM32H7xx_HAL_Driver/Src/stm32h7xx_hal.c.obj
                0x24000014                uwTickPrio
 .data._impure_ptr
                0x24000018        0x4 e:/stm/gcc-arm-none-eabi-10.3-2021.10-win32/gcc-arm-none-eabi-10.3-2021.10/bin/../lib/gcc/arm-none-eabi/10.3.1/../../../../arm-none-eabi/lib/thumb/v7e-m/nofp\libg.a(lib_a-impure.o)
                0x24000018                _impure_ptr
 *fill*         0x2400001c        0x4 
 .data.impure_data
                0x24000020      0x428 e:/stm/gcc-arm-none-eabi-10.3-2021.10-win32/gcc-arm-none-eabi-10.3-2021.10/bin/../lib/gcc/arm-none-eabi/10.3.1/../../../../arm-none-eabi/lib/thumb/v7e-m/nofp\libg.a(lib_a-impure.o)
 .data.__atexit_recursive_mutex
                0x24000448        0x4 e:/stm/gcc-arm-none-eabi-10.3-2021.10-win32/gcc-arm-none-eabi-10.3-2021.10/bin/../lib/gcc/arm-none-eabi/10.3.1/../../../../arm-none-eabi/lib/thumb/v7e-m/nofp\libg.a(lib_a-__call_atexit.o)
                0x24000448                __atexit_recursive_mutex
 .data.__malloc_av_
                0x2400044c      0x408 e:/stm/gcc-arm-none-eabi-10.3-2021.10-win32/gcc-arm-none-eabi-10.3-2021.10/bin/../lib/gcc/arm-none-eabi/10.3.1/../../../../arm-none-eabi/lib/thumb/v7e-m/nofp\libg.a(lib_a-mallocr.o)
                0x2400044c                __malloc_av_
 .data.__malloc_sbrk_base
                0x24000854        0x4 e:/stm/gcc-arm-none-eabi-10.3-2021.10-win32/gcc-arm-none-eabi-10.3-2021.10/bin/../lib/gcc/arm-none-eabi/10.3.1/../../../../arm-none-eabi/lib/thumb/v7e-m/nofp\libg.a(lib_a-mallocr.o)
                0x24000854                __malloc_sbrk_base
 .data.__malloc_trim_threshold
                0x24000858        0x4 e:/stm/gcc-arm-none-eabi-10.3-2021.10-win32/gcc-arm-none-eabi-10.3-2021.10/bin/../lib/gcc/arm-none-eabi/10.3.1/../../../../arm-none-eabi/lib/thumb/v7e-m/nofp\libg.a(lib_a-mallocr.o)
                0x24000858                __malloc_trim_threshold
 .data.__global_locale
                0x2400085c      0x16c e:/stm/gcc-arm-none-eabi-10.3-2021.10-win32/gcc-arm-none-eabi-10.3-2021.10/bin/../lib/gcc/arm-none-eabi/10.3.1/../../../../arm-none-eabi/lib/thumb/v7e-m/nofp\libg.a(lib_a-locale.o)
                0x2400085c                __global_locale
 *(.RamFunc)
 *(.RamFunc*)
                0x240009c8                . = ALIGN (0x4)
                0x240009c8                _edata = .

.igot.plt       0x240009c8        0x0 load address 0x0800df9c
 .igot.plt      0x240009c8        0x0 e:/stm/gcc-arm-none-eabi-10.3-2021.10-win32/gcc-arm-none-eabi-10.3-2021.10/bin/../lib/gcc/arm-none-eabi/10.3.1/thumb/v7e-m/nofp/crtbegin.o
                0x240009c8                . = ALIGN (0x4)

.bss            0x240009c8      0x284 load address 0x0800df9c
                0x240009c8                _sbss = .
                0x240009c8                __bss_start__ = _sbss
 *(.bss)
 .bss           0x240009c8       0x1c e:/stm/gcc-arm-none-eabi-10.3-2021.10-win32/gcc-arm-none-eabi-10.3-2021.10/bin/../lib/gcc/arm-none-eabi/10.3.1/thumb/v7e-m/nofp/crtbegin.o
 *(.bss*)
 .bss.Gate1_seed_num
                0x240009e4        0x1 CMakeFiles/stm32pg.elf.dir/Core/Src/main.c.obj
 .bss.Gate2_seed_num
                0x240009e5        0x1 CMakeFiles/stm32pg.elf.dir/Core/Src/main.c.obj
 *fill*         0x240009e6        0x2 
 .bss.RxHeader  0x240009e8       0x28 CMakeFiles/stm32pg.elf.dir/Core/Src/main.c.obj
                0x240009e8                RxHeader
 .bss.hfdcan1   0x24000a10       0xa0 CMakeFiles/stm32pg.elf.dir/Core/Src/main.c.obj
                0x24000a10                hfdcan1
 .bss.hiwdg1    0x24000ab0       0x10 CMakeFiles/stm32pg.elf.dir/Core/Src/main.c.obj
                0x24000ab0                hiwdg1
 .bss.htim1     0x24000ac0       0x4c CMakeFiles/stm32pg.elf.dir/Core/Src/main.c.obj
                0x24000ac0                htim1
 .bss.htim2     0x24000b0c       0x4c CMakeFiles/stm32pg.elf.dir/Core/Src/main.c.obj
                0x24000b0c                htim2
 .bss.huart1    0x24000b58       0x94 CMakeFiles/stm32pg.elf.dir/Core/Src/main.c.obj
                0x24000b58                huart1
 .bss.receive_seed_num
                0x24000bec        0x4 CMakeFiles/stm32pg.elf.dir/Core/Src/main.c.obj
 .bss.receive_usart1
                0x24000bf0        0x4 CMakeFiles/stm32pg.elf.dir/Core/Src/main.c.obj
 .bss.spray_sta
                0x24000bf4        0x1 CMakeFiles/stm32pg.elf.dir/Core/Src/main.c.obj
 *fill*         0x24000bf5        0x3 
 .bss.gHuart    0x24000bf8        0x4 CMakeFiles/stm32pg.elf.dir/Core/Src/retarget.c.obj
                0x24000bf8                gHuart
 .bss.__sbrk_heap_end
                0x24000bfc        0x4 CMakeFiles/stm32pg.elf.dir/Core/Src/sysmem.c.obj
 .bss.uwTick    0x24000c00        0x4 CMakeFiles/stm32pg.elf.dir/Drivers/STM32H7xx_HAL_Driver/Src/stm32h7xx_hal.c.obj
                0x24000c00                uwTick
 .bss.__lock___atexit_recursive_mutex
                0x24000c04        0x1 e:/stm/gcc-arm-none-eabi-10.3-2021.10-win32/gcc-arm-none-eabi-10.3-2021.10/bin/../lib/gcc/arm-none-eabi/10.3.1/../../../../arm-none-eabi/lib/thumb/v7e-m/nofp\libg.a(lib_a-lock.o)
                0x24000c04                __lock___atexit_recursive_mutex
 *fill*         0x24000c05        0x3 
 .bss.__lock___malloc_recursive_mutex
                0x24000c08        0x1 e:/stm/gcc-arm-none-eabi-10.3-2021.10-win32/gcc-arm-none-eabi-10.3-2021.10/bin/../lib/gcc/arm-none-eabi/10.3.1/../../../../arm-none-eabi/lib/thumb/v7e-m/nofp\libg.a(lib_a-lock.o)
                0x24000c08                __lock___malloc_recursive_mutex
 *fill*         0x24000c09        0x3 
 .bss.__lock___sfp_recursive_mutex
                0x24000c0c        0x1 e:/stm/gcc-arm-none-eabi-10.3-2021.10-win32/gcc-arm-none-eabi-10.3-2021.10/bin/../lib/gcc/arm-none-eabi/10.3.1/../../../../arm-none-eabi/lib/thumb/v7e-m/nofp\libg.a(lib_a-lock.o)
                0x24000c0c                __lock___sfp_recursive_mutex
 *fill*         0x24000c0d        0x3 
 .bss.__lock___sinit_recursive_mutex
                0x24000c10        0x1 e:/stm/gcc-arm-none-eabi-10.3-2021.10-win32/gcc-arm-none-eabi-10.3-2021.10/bin/../lib/gcc/arm-none-eabi/10.3.1/../../../../arm-none-eabi/lib/thumb/v7e-m/nofp\libg.a(lib_a-lock.o)
                0x24000c10                __lock___sinit_recursive_mutex
 *fill*         0x24000c11        0x3 
 .bss.__malloc_current_mallinfo
                0x24000c14       0x28 e:/stm/gcc-arm-none-eabi-10.3-2021.10-win32/gcc-arm-none-eabi-10.3-2021.10/bin/../lib/gcc/arm-none-eabi/10.3.1/../../../../arm-none-eabi/lib/thumb/v7e-m/nofp\libg.a(lib_a-mallocr.o)
                0x24000c14                __malloc_current_mallinfo
 .bss.__malloc_max_sbrked_mem
                0x24000c3c        0x4 e:/stm/gcc-arm-none-eabi-10.3-2021.10-win32/gcc-arm-none-eabi-10.3-2021.10/bin/../lib/gcc/arm-none-eabi/10.3.1/../../../../arm-none-eabi/lib/thumb/v7e-m/nofp\libg.a(lib_a-mallocr.o)
                0x24000c3c                __malloc_max_sbrked_mem
 .bss.__malloc_max_total_mem
                0x24000c40        0x4 e:/stm/gcc-arm-none-eabi-10.3-2021.10-win32/gcc-arm-none-eabi-10.3-2021.10/bin/../lib/gcc/arm-none-eabi/10.3.1/../../../../arm-none-eabi/lib/thumb/v7e-m/nofp\libg.a(lib_a-mallocr.o)
                0x24000c40                __malloc_max_total_mem
 .bss.__malloc_top_pad
                0x24000c44        0x4 e:/stm/gcc-arm-none-eabi-10.3-2021.10-win32/gcc-arm-none-eabi-10.3-2021.10/bin/../lib/gcc/arm-none-eabi/10.3.1/../../../../arm-none-eabi/lib/thumb/v7e-m/nofp\libg.a(lib_a-mallocr.o)
                0x24000c44                __malloc_top_pad
 .bss.errno     0x24000c48        0x4 e:/stm/gcc-arm-none-eabi-10.3-2021.10-win32/gcc-arm-none-eabi-10.3-2021.10/bin/../lib/gcc/arm-none-eabi/10.3.1/../../../../arm-none-eabi/lib/thumb/v7e-m/nofp\libg.a(lib_a-reent.o)
                0x24000c48                errno
 *(COMMON)
                0x24000c4c                . = ALIGN (0x4)
                0x24000c4c                _ebss = .
                0x24000c4c                __bss_end__ = _ebss

._user_heap_stack
                0x24000c4c      0x604 load address 0x0800df9c
                0x24000c50                . = ALIGN (0x8)
 *fill*         0x24000c4c        0x4 
                [!provide]                PROVIDE (end = .)
                0x24000c50                PROVIDE (_end = .)
                0x24000e50                . = (. + _Min_Heap_Size)
 *fill*         0x24000c50      0x200 
                0x24001250                . = (. + _Min_Stack_Size)
 *fill*         0x24000e50      0x400 
                0x24001250                . = ALIGN (0x8)

/DISCARD/
 libc.a(*)
 libm.a(*)
 libgcc.a(*)

.ARM.attributes
                0x00000000       0x2a
 *(.ARM.attributes)
 .ARM.attributes
                0x00000000       0x1e e:/stm/gcc-arm-none-eabi-10.3-2021.10-win32/gcc-arm-none-eabi-10.3-2021.10/bin/../lib/gcc/arm-none-eabi/10.3.1/thumb/v7e-m/nofp/crti.o
 .ARM.attributes
                0x0000001e       0x2e e:/stm/gcc-arm-none-eabi-10.3-2021.10-win32/gcc-arm-none-eabi-10.3-2021.10/bin/../lib/gcc/arm-none-eabi/10.3.1/thumb/v7e-m/nofp/crtbegin.o
 .ARM.attributes
                0x0000004c       0x2e CMakeFiles/stm32pg.elf.dir/Core/Src/main.c.obj
 .ARM.attributes
                0x0000007a       0x2e CMakeFiles/stm32pg.elf.dir/Core/Src/retarget.c.obj
 .ARM.attributes
                0x000000a8       0x2e CMakeFiles/stm32pg.elf.dir/Core/Src/stm32h7xx_hal_msp.c.obj
 .ARM.attributes
                0x000000d6       0x2e CMakeFiles/stm32pg.elf.dir/Core/Src/stm32h7xx_it.c.obj
 .ARM.attributes
                0x00000104       0x2e CMakeFiles/stm32pg.elf.dir/Core/Src/syscalls.c.obj
 .ARM.attributes
                0x00000132       0x2e CMakeFiles/stm32pg.elf.dir/Core/Src/sysmem.c.obj
 .ARM.attributes
                0x00000160       0x2e CMakeFiles/stm32pg.elf.dir/Core/Src/system_stm32h7xx.c.obj
 .ARM.attributes
                0x0000018e       0x21 CMakeFiles/stm32pg.elf.dir/Core/Startup/startup_stm32h753iitx.s.obj
 .ARM.attributes
                0x000001af       0x2e CMakeFiles/stm32pg.elf.dir/Drivers/STM32H7xx_HAL_Driver/Src/stm32h7xx_hal.c.obj
 .ARM.attributes
                0x000001dd       0x2e CMakeFiles/stm32pg.elf.dir/Drivers/STM32H7xx_HAL_Driver/Src/stm32h7xx_hal_cortex.c.obj
 .ARM.attributes
                0x0000020b       0x2e CMakeFiles/stm32pg.elf.dir/Drivers/STM32H7xx_HAL_Driver/Src/stm32h7xx_hal_dma.c.obj
 .ARM.attributes
                0x00000239       0x2e CMakeFiles/stm32pg.elf.dir/Drivers/STM32H7xx_HAL_Driver/Src/stm32h7xx_hal_fdcan.c.obj
 .ARM.attributes
                0x00000267       0x2e CMakeFiles/stm32pg.elf.dir/Drivers/STM32H7xx_HAL_Driver/Src/stm32h7xx_hal_gpio.c.obj
 .ARM.attributes
                0x00000295       0x2e CMakeFiles/stm32pg.elf.dir/Drivers/STM32H7xx_HAL_Driver/Src/stm32h7xx_hal_iwdg.c.obj
 .ARM.attributes
                0x000002c3       0x2e CMakeFiles/stm32pg.elf.dir/Drivers/STM32H7xx_HAL_Driver/Src/stm32h7xx_hal_pwr_ex.c.obj
 .ARM.attributes
                0x000002f1       0x2e CMakeFiles/stm32pg.elf.dir/Drivers/STM32H7xx_HAL_Driver/Src/stm32h7xx_hal_rcc.c.obj
 .ARM.attributes
                0x0000031f       0x2e CMakeFiles/stm32pg.elf.dir/Drivers/STM32H7xx_HAL_Driver/Src/stm32h7xx_hal_rcc_ex.c.obj
 .ARM.attributes
                0x0000034d       0x2e CMakeFiles/stm32pg.elf.dir/Drivers/STM32H7xx_HAL_Driver/Src/stm32h7xx_hal_tim.c.obj
 .ARM.attributes
                0x0000037b       0x2e CMakeFiles/stm32pg.elf.dir/Drivers/STM32H7xx_HAL_Driver/Src/stm32h7xx_hal_tim_ex.c.obj
 .ARM.attributes
                0x000003a9       0x2e CMakeFiles/stm32pg.elf.dir/Drivers/STM32H7xx_HAL_Driver/Src/stm32h7xx_hal_uart.c.obj
 .ARM.attributes
                0x000003d7       0x2e CMakeFiles/stm32pg.elf.dir/Drivers/STM32H7xx_HAL_Driver/Src/stm32h7xx_hal_uart_ex.c.obj
 .ARM.attributes
                0x00000405       0x1e e:/stm/gcc-arm-none-eabi-10.3-2021.10-win32/gcc-arm-none-eabi-10.3-2021.10/bin/../lib/gcc/arm-none-eabi/10.3.1/thumb/v7e-m/nofp\libgcc.a(_arm_addsubdf3.o)
 .ARM.attributes
                0x00000423       0x1e e:/stm/gcc-arm-none-eabi-10.3-2021.10-win32/gcc-arm-none-eabi-10.3-2021.10/bin/../lib/gcc/arm-none-eabi/10.3.1/thumb/v7e-m/nofp\libgcc.a(_arm_muldivdf3.o)
 .ARM.attributes
                0x00000441       0x1e e:/stm/gcc-arm-none-eabi-10.3-2021.10-win32/gcc-arm-none-eabi-10.3-2021.10/bin/../lib/gcc/arm-none-eabi/10.3.1/thumb/v7e-m/nofp\libgcc.a(_arm_addsubsf3.o)
 .ARM.attributes
                0x0000045f       0x1e e:/stm/gcc-arm-none-eabi-10.3-2021.10-win32/gcc-arm-none-eabi-10.3-2021.10/bin/../lib/gcc/arm-none-eabi/10.3.1/thumb/v7e-m/nofp\libgcc.a(_arm_muldivsf3.o)
 .ARM.attributes
                0x0000047d       0x1e e:/stm/gcc-arm-none-eabi-10.3-2021.10-win32/gcc-arm-none-eabi-10.3-2021.10/bin/../lib/gcc/arm-none-eabi/10.3.1/thumb/v7e-m/nofp\libgcc.a(_arm_fixunssfsi.o)
 .ARM.attributes
                0x0000049b       0x1e e:/stm/gcc-arm-none-eabi-10.3-2021.10-win32/gcc-arm-none-eabi-10.3-2021.10/bin/../lib/gcc/arm-none-eabi/10.3.1/thumb/v7e-m/nofp\libgcc.a(_aeabi_uldivmod.o)
 .ARM.attributes
                0x000004b9       0x2e e:/stm/gcc-arm-none-eabi-10.3-2021.10-win32/gcc-arm-none-eabi-10.3-2021.10/bin/../lib/gcc/arm-none-eabi/10.3.1/thumb/v7e-m/nofp\libgcc.a(_udivmoddi4.o)
 .ARM.attributes
                0x000004e7       0x1e e:/stm/gcc-arm-none-eabi-10.3-2021.10-win32/gcc-arm-none-eabi-10.3-2021.10/bin/../lib/gcc/arm-none-eabi/10.3.1/thumb/v7e-m/nofp\libgcc.a(_dvmd_tls.o)
 .ARM.attributes
                0x00000505       0x2e e:/stm/gcc-arm-none-eabi-10.3-2021.10-win32/gcc-arm-none-eabi-10.3-2021.10/bin/../lib/gcc/arm-none-eabi/10.3.1/../../../../arm-none-eabi/lib/thumb/v7e-m/nofp\libg.a(lib_a-errno.o)
 .ARM.attributes
                0x00000533       0x2e e:/stm/gcc-arm-none-eabi-10.3-2021.10-win32/gcc-arm-none-eabi-10.3-2021.10/bin/../lib/gcc/arm-none-eabi/10.3.1/../../../../arm-none-eabi/lib/thumb/v7e-m/nofp\libg.a(lib_a-impure.o)
 .ARM.attributes
                0x00000561       0x2e e:/stm/gcc-arm-none-eabi-10.3-2021.10-win32/gcc-arm-none-eabi-10.3-2021.10/bin/../lib/gcc/arm-none-eabi/10.3.1/../../../../arm-none-eabi/lib/thumb/v7e-m/nofp\libg.a(lib_a-init.o)
 .ARM.attributes
                0x0000058f       0x1c e:/stm/gcc-arm-none-eabi-10.3-2021.10-win32/gcc-arm-none-eabi-10.3-2021.10/bin/../lib/gcc/arm-none-eabi/10.3.1/../../../../arm-none-eabi/lib/thumb/v7e-m/nofp\libg.a(lib_a-memcpy.o)
 .ARM.attributes
                0x000005ab       0x2e e:/stm/gcc-arm-none-eabi-10.3-2021.10-win32/gcc-arm-none-eabi-10.3-2021.10/bin/../lib/gcc/arm-none-eabi/10.3.1/../../../../arm-none-eabi/lib/thumb/v7e-m/nofp\libg.a(lib_a-memset.o)
 .ARM.attributes